<html>
<body>
<pre>
<h1>µVision Build Log</h1>
<h2>Tool Versions:</h2>
IDE-Version: ¦ÌVision V5.35.0.0
Copyright (C) 2021 ARM Ltd and ARM Germany GmbH. All rights reserved.
License Information: Bay_Max Bay_Max, Bay_Max, LIC=7YKYW-QT28N-LV31I-TV9GJ-GX9RS-9YUYF
 
Tool Versions:
Toolchain:       MDK-ARM Professional  Version: 5.35.0.2
Toolchain Path:  C:\Users\Bay_Max\Keil\core\ARM\ARMCC\Bin
C Compiler:      Armcc.exe V5.06 update 7 (build 960)
Assembler:       Armasm.exe V5.06 update 7 (build 960)
Linker/Locator:  ArmLink.exe V5.06 update 7 (build 960)
Library Manager: ArmAr.exe V5.06 update 7 (build 960)
Hex Converter:   FromElf.exe V5.06 update 7 (build 960)
CPU DLL:         SARMCM3.DLL V5.35.0.2
Dialog DLL:      DCM.DLL V1.17.3.0
Target DLL:      CMSIS_AGDI.dll V1.33.0.0
Dialog DLL:      TCM.DLL V1.53.0.0
 
<h2>Project:</h2>
C:\Users\Bay_Max\Desktop\RM\U_RM_CM\32_control\MDK-ARM\U_RM_CM.uvprojx
Project File Date:  04/26/2023

<h2>Output:</h2>
*** Using Compiler 'V5.06 update 7 (build 960)', folder: 'C:\Users\Bay_Max\Keil\core\ARM\ARMCC\Bin'
Rebuild target 'U_RM_CM'
compiling adc.c...
compiling gpio.c...
compiling rng.c...
compiling can.c...
compiling dma.c...
compiling i2c.c...
compiling usart.c...
compiling crc.c...
compiling tim.c...
compiling usbd_desc.c...
compiling rtc.c...
compiling usb_device.c...
compiling spi.c...
compiling usbd_conf.c...
compiling main.c...
compiling freertos.c...
compiling stm32f4xx_hal_msp.c...
compiling usbd_cdc_if.c...
compiling delay.c...
compiling led.c...
compiling user_adc.c...
compiling user_flash.c...
compiling stm32f4xx_it.c...
compiling user_crc32.c...
compiling remote.c...
compiling buzzer.c...
compiling user_imu_pwm.c...
compiling user_servo_pwm.c...
compiling user_can.c...
compiling remote_dma.c...
compiling user_fric.c...
compiling user_usart.c...
compiling user_spi.c...
compiling user_i2c.c...
compiling user_laser.c...
compiling CAN_receive.c...
compiling user_draw.c...
..\USER\task\user_draw.c(97): warning:  #177-D: variable "i"  was declared but never referenced
    unsigned char i = 0;
..\USER\task\user_draw.c: 1 warning, 0 errors
compiling INS_task.c...
compiling power_task.c...
compiling detect_task.c...
compiling calibrate_task.c...
compiling rgb_task.c...
compiling user_rng.c...
compiling usb_task.c...
..\USER\task\usb_task.c(33): warning:  #177-D: variable "Get_All_Value"  was declared but never referenced
    float Get_All_Value[3];
..\USER\task\usb_task.c: 1 warning, 0 errors
compiling chassis_behaviour.c...
..\USER\task\chassis_behaviour.c(336): warning:  #177-D: variable "spin_flag"  was declared but never referenced
    static uint8_t spin_flag = 0;
..\USER\task\chassis_behaviour.c(492): warning:  #177-D: function "chassis_spin_set_cotrol"  was declared but never referenced
  static void chassis_spin_set_cotrol(fp32 *vx_set, fp32 *vy_set, fp32 *wz_set, chassis_move_t *chassis_move_control)
..\USER\task\chassis_behaviour.c: 2 warnings, 0 errors
compiling shoot.c...
..\USER\task\shoot.c(191): warning:  #177-D: function "U_shoot_set_mode"  was declared but never referenced
  void U_shoot_set_mode(void)
..\USER\task\shoot.c: 1 warning, 0 errors
compiling gimbal_behaviour.c...
compiling chassis_task.c...
compiling chassis_power_control.c...
compiling gimbal_task.c...
assembling startup_stm32f407xx.s...
compiling user_lib.c...
compiling pid.c...
compiling CRC8_CRC16.c...
compiling stm32f4xx_hal_pcd.c...
compiling fifo.c...
compiling stm32f4xx_hal_pcd_ex.c...
compiling AHRS_middleware.c...
compiling referee.c...
compiling mem_mang4.c...
compiling user_task.c...
compiling referee_task.c...
compiling servo_task.c...
compiling ist8310_driver_middleware.c...
compiling BMI088_Middleware.c...
compiling ist8310_driver.c...
compiling BMI088_driver.c...
compiling test_task.c...
compiling stm32f4xx_hal_flash.c...
compiling stm32f4xx_hal_flash_ramfunc.c...
compiling stm32f4xx_hal_flash_ex.c...
compiling stm32f4xx_ll_adc.c...
compiling stm32f4xx_ll_usb.c...
compiling stm32f4xx_hal_rcc_ex.c...
compiling stm32f4xx_hal_rcc.c...
compiling stm32f4xx_hal_cortex.c...
compiling stm32f4xx_hal_dma_ex.c...
compiling stm32f4xx_hal_dma.c...
compiling stm32f4xx_hal_gpio.c...
compiling stm32f4xx_hal_pwr.c...
compiling stm32f4xx_hal.c...
compiling stm32f4xx_hal_pwr_ex.c...
compiling stm32f4xx_hal_exti.c...
compiling stm32f4xx_hal_adc_ex.c...
compiling stm32f4xx_hal_adc.c...
compiling croutine.c...
compiling event_groups.c...
compiling list.c...
compiling stream_buffer.c...
compiling queue.c...
compiling timers.c...
compiling tasks.c...
compiling heap_4.c...
compiling port.c...
compiling cmsis_os.c...
compiling stm32f4xx_hal_crc.c...
compiling stm32f4xx_hal_i2c_ex.c...
compiling stm32f4xx_hal_rtc_ex.c...
compiling stm32f4xx_hal_spi.c...
compiling usbd_core.c...
compiling stm32f4xx_hal_can.c...
compiling system_stm32f4xx.c...
compiling stm32f4xx_hal_rng.c...
compiling stm32f4xx_hal_rtc.c...
compiling stm32f4xx_hal_uart.c...
compiling stm32f4xx_hal_i2c.c...
compiling stm32f4xx_hal_tim_ex.c...
compiling usbd_ioreq.c...
compiling usbd_ctlreq.c...
compiling usbd_cdc.c...
compiling stm32f4xx_hal_tim.c...
linking...
Program Size: Code=85412 RO-data=3904 RW-data=1008 ZI-data=42632  
FromELF: creating hex file...
"U_RM_CM\U_RM_CM.axf" - 0 Error(s), 5 Warning(s).

<h2>Software Packages used:</h2>

Package Vendor: ARM
                http://www.keil.com/pack/ARM.CMSIS.5.8.0.pack
                ARM.CMSIS.5.8.0
                CMSIS (Common Microcontroller Software Interface Standard)
   * Component: CORE Version: 5.5.0

Package Vendor: Keil
                https://www.keil.com/pack/Keil.STM32F4xx_DFP.2.17.0.pack
                Keil.STM32F4xx_DFP.2.17.0
                STMicroelectronics STM32F4 Series Device Support, Drivers and Examples

<h2>Collection of Component include folders:</h2>
  .\RTE\_U_RM_CM
  C:\Users\Bay_Max\Keil\pack\ARM\CMSIS\5.8.0\CMSIS\Core\Include
  C:\Users\Bay_Max\Keil\pack\Keil\STM32F4xx_DFP\2.17.0\Drivers\CMSIS\Device\ST\STM32F4xx\Include

<h2>Collection of Component Files used:</h2>

   * Component: ARM::CMSIS:CORE:5.5.0
      Include file:  CMSIS\Core\Include\tz_context.h
Build Time Elapsed:  00:00:53
</pre>
</body>
</html>
