Component: ARM Compiler 5.06 update 7 (build 960) Tool: armlink [4d3601]

==============================================================================

Section Cross References

    main.o(i.SystemClock_Config) refers to rt_memclr_w.o(.text) for __aeabi_memclr4
    main.o(i.SystemClock_Config) refers to stm32f4xx_hal_rcc.o(i.HAL_RCC_OscConfig) for HAL_RCC_OscConfig
    main.o(i.SystemClock_Config) refers to main.o(i.Error_Handler) for Error_Handler
    main.o(i.SystemClock_Config) refers to stm32f4xx_hal_rcc.o(i.HAL_RCC_ClockConfig) for HAL_RCC_ClockConfig
    main.o(i.SystemClock_Config) refers to stm32f4xx_hal_rcc.o(i.HAL_RCC_EnableCSS) for HAL_RCC_EnableCSS
    main.o(i.main) refers to stm32f4xx_hal.o(i.HAL_Init) for HAL_Init
    main.o(i.main) refers to main.o(i.SystemClock_Config) for SystemClock_Config
    main.o(i.main) refers to gpio.o(i.MX_GPIO_Init) for MX_GPIO_Init
    main.o(i.main) refers to dma.o(i.MX_DMA_Init) for MX_DMA_Init
    main.o(i.main) refers to adc.o(i.MX_ADC1_Init) for MX_ADC1_Init
    main.o(i.main) refers to adc.o(i.MX_ADC3_Init) for MX_ADC3_Init
    main.o(i.main) refers to can.o(i.MX_CAN1_Init) for MX_CAN1_Init
    main.o(i.main) refers to crc.o(i.MX_CRC_Init) for MX_CRC_Init
    main.o(i.main) refers to i2c.o(i.MX_I2C1_Init) for MX_I2C1_Init
    main.o(i.main) refers to i2c.o(i.MX_I2C2_Init) for MX_I2C2_Init
    main.o(i.main) refers to i2c.o(i.MX_I2C3_Init) for MX_I2C3_Init
    main.o(i.main) refers to rng.o(i.MX_RNG_Init) for MX_RNG_Init
    main.o(i.main) refers to rtc.o(i.MX_RTC_Init) for MX_RTC_Init
    main.o(i.main) refers to spi.o(i.MX_SPI1_Init) for MX_SPI1_Init
    main.o(i.main) refers to spi.o(i.MX_SPI2_Init) for MX_SPI2_Init
    main.o(i.main) refers to tim.o(i.MX_TIM1_Init) for MX_TIM1_Init
    main.o(i.main) refers to tim.o(i.MX_TIM3_Init) for MX_TIM3_Init
    main.o(i.main) refers to tim.o(i.MX_TIM4_Init) for MX_TIM4_Init
    main.o(i.main) refers to tim.o(i.MX_TIM5_Init) for MX_TIM5_Init
    main.o(i.main) refers to tim.o(i.MX_TIM8_Init) for MX_TIM8_Init
    main.o(i.main) refers to tim.o(i.MX_TIM10_Init) for MX_TIM10_Init
    main.o(i.main) refers to can.o(i.MX_CAN2_Init) for MX_CAN2_Init
    main.o(i.main) refers to usart.o(i.MX_USART1_UART_Init) for MX_USART1_UART_Init
    main.o(i.main) refers to usart.o(i.MX_USART3_UART_Init) for MX_USART3_UART_Init
    main.o(i.main) refers to usart.o(i.MX_USART6_UART_Init) for MX_USART6_UART_Init
    main.o(i.main) refers to user_can.o(i.can_filter_init) for can_filter_init
    main.o(i.main) refers to delay.o(i.delay_init) for delay_init
    main.o(i.main) refers to calibrate_task.o(i.cali_param_init) for cali_param_init
    main.o(i.main) refers to remote.o(i.remote_control_init) for remote_control_init
    main.o(i.main) refers to user_usart.o(i.usart1_tx_dma_init) for usart1_tx_dma_init
    main.o(i.main) refers to freertos.o(i.MX_FREERTOS_Init) for MX_FREERTOS_Init
    main.o(i.main) refers to cmsis_os.o(i.osKernelStart) for osKernelStart
    gpio.o(i.MX_GPIO_Init) refers to rt_memclr_w.o(.text) for __aeabi_memclr4
    gpio.o(i.MX_GPIO_Init) refers to stm32f4xx_hal_gpio.o(i.HAL_GPIO_WritePin) for HAL_GPIO_WritePin
    gpio.o(i.MX_GPIO_Init) refers to stm32f4xx_hal_gpio.o(i.HAL_GPIO_Init) for HAL_GPIO_Init
    gpio.o(i.MX_GPIO_Init) refers to stm32f4xx_hal_cortex.o(i.HAL_NVIC_SetPriority) for HAL_NVIC_SetPriority
    gpio.o(i.MX_GPIO_Init) refers to stm32f4xx_hal_cortex.o(i.HAL_NVIC_EnableIRQ) for HAL_NVIC_EnableIRQ
    freertos.o(i.MX_FREERTOS_Init) refers to rt_memcpy_w.o(.text) for __aeabi_memcpy4
    freertos.o(i.MX_FREERTOS_Init) refers to cmsis_os.o(i.osThreadCreate) for osThreadCreate
    freertos.o(i.MX_FREERTOS_Init) refers to freertos.o(.constdata) for .constdata
    freertos.o(i.MX_FREERTOS_Init) refers to freertos.o(.data) for testHandle
    freertos.o(i.test_tack) refers to usb_device.o(i.MX_USB_DEVICE_Init) for MX_USB_DEVICE_Init
    freertos.o(i.test_tack) refers to cmsis_os.o(i.osDelay) for osDelay
    freertos.o(i.vApplicationGetIdleTaskMemory) refers to freertos.o(.bss) for xIdleTaskTCBBuffer
    freertos.o(i.vApplicationGetTimerTaskMemory) refers to freertos.o(.bss) for xTimerTaskTCBBuffer
    freertos.o(.constdata) refers to freertos.o(.conststring) for .conststring
    freertos.o(.constdata) refers to freertos.o(i.test_tack) for test_tack
    freertos.o(.constdata) refers to calibrate_task.o(i.calibrate_task) for calibrate_task
    freertos.o(.constdata) refers to detect_task.o(i.detect_task) for detect_task
    freertos.o(.constdata) refers to referee_task.o(i.referee_usart_task) for referee_usart_task
    freertos.o(.constdata) refers to power_task.o(i.battery_voltage_task) for battery_voltage_task
    freertos.o(.constdata) refers to rgb_task.o(i.led_RGB_flow_task) for led_RGB_flow_task
    freertos.o(.constdata) refers to ins_task.o(i.INS_task) for INS_task
    freertos.o(.constdata) refers to chassis_task.o(i.chassis_task) for chassis_task
[...]
    0x0800076e   0x0800076e   0x0000004a   Code   RO        12630    .text               c_w.l(sys_stackheap_outer.o)
    0x080007b8   0x080007b8   0x00000012   Code   RO        12673    .text               c_w.l(exit.o)
    0x080007ca   0x080007ca   0x0000000a   Code   RO        12675    .text               c_w.l(defsig_exit.o)
    0x080007d4   0x080007d4   0x0000000e   Code   RO        12677    .text               c_w.l(defsig_fpe_outer.o)
    0x080007e2   0x080007e2   0x00000002   PAD
    0x080007e4   0x080007e4   0x0000000c   Code   RO        12697    .text               c_w.l(sys_exit.o)
    0x080007f0   0x080007f0   0x00000032   Code   RO        12710    .text               c_w.l(defsig_general.o)
    0x08000822   0x08000822   0x00000002   PAD
    0x08000824   0x08000824   0x000000ac   Code   RO        12712    .text               c_w.l(defsig_fpe_inner.o)
    0x080008d0   0x080008d0   0x0000000e   Code   RO        12734    .text               c_w.l(sys_wrch.o)
    0x080008de   0x080008de   0x00000002   PAD
    0x080008e0   0x080008e0   0x00000160   Code   RO         6638    i.ADC_Init          stm32f4xx_hal_adc.o
    0x08000a40   0x08000a40   0x00000018   Code   RO         3768    i.AHRS_asinf        ahrs_middleware.o
    0x08000a58   0x08000a58   0x00000020   Code   RO         3769    i.AHRS_atan2f       ahrs_middleware.o
    0x08000a78   0x08000a78   0x00000018   Code   RO         3770    i.AHRS_cosf         ahrs_middleware.o
    0x08000a90   0x08000a90   0x0000001a   Code   RO        11921    i.AHRS_fabs         AHRS.lib(ahrs.o)
    0x08000aaa   0x08000aaa   0x00000002   PAD
    0x08000aac   0x08000aac   0x00000010   Code   RO         3771    i.AHRS_get_height   ahrs_middleware.o
    0x08000abc   0x08000abc   0x0000000c   Code   RO         3772    i.AHRS_get_latitude  ahrs_middleware.o
    0x08000ac8   0x08000ac8   0x0000029c   Code   RO        11922    i.AHRS_init         AHRS.lib(ahrs.o)
    0x08000d64   0x08000d64   0x00000024   Code   RO         3773    i.AHRS_invSqrt      ahrs_middleware.o
    0x08000d88   0x08000d88   0x00000018   Code   RO         3774    i.AHRS_sinf         ahrs_middleware.o
    0x08000da0   0x08000da0   0x0000013a   Code   RO        11923    i.AHRS_update       AHRS.lib(ahrs.o)
    0x08000eda   0x08000eda   0x00000002   PAD
    0x08000edc   0x08000edc   0x00000014   Code   RO         4660    i.BMI088_ACCEL_NS_H  bmi088_middleware.o
    0x08000ef0   0x08000ef0   0x00000014   Code   RO         4661    i.BMI088_ACCEL_NS_L  bmi088_middleware.o
    0x08000f04   0x08000f04   0x00000002   Code   RO         4662    i.BMI088_GPIO_init  bmi088_middleware.o
    0x08000f06   0x08000f06   0x00000002   PAD
    0x08000f08   0x08000f08   0x00000014   Code   RO         4663    i.BMI088_GYRO_NS_H  bmi088_middleware.o
    0x08000f1c   0x08000f1c   0x00000014   Code   RO         4664    i.BMI088_GYRO_NS_L  bmi088_middleware.o
    0x08000f30   0x08000f30   0x00000090   Code   RO         4530    i.BMI088_accel_read_over  bmi088_driver.o
    0x08000fc0   0x08000fc0   0x00000002   Code   RO         4665    i.BMI088_com_init   bmi088_middleware.o
    0x08000fc2   0x08000fc2   0x0000000c   Code   RO         4666    i.BMI088_delay_ms   bmi088_middleware.o
    0x08000fce   0x08000fce   0x0000000c   Code   RO         4667    i.BMI088_delay_us   bmi088_middleware.o
    0x08000fda   0x08000fda   0x00000002   PAD
    0x08000fdc   0x08000fdc   0x00000068   Code   RO         4531    i.BMI088_gyro_read_over  bmi088_driver.o
    0x08001044   0x08001044   0x00000034   Code   RO         4532    i.BMI088_init       bmi088_driver.o
    0x08001078   0x08001078   0x0000017c   Code   RO         4533    i.BMI088_read       bmi088_driver.o
    0x080011f4   0x080011f4   0x00000026   Code   RO         4536    i.BMI088_read_muli_reg  bmi088_driver.o
    0x0800121a   0x0800121a   0x00000018   Code   RO         4537    i.BMI088_read_single_reg  bmi088_driver.o
    0x08001232   0x08001232   0x00000002   PAD
    0x08001234   0x08001234   0x00000020   Code   RO         4668    i.BMI088_read_write_byte  bmi088_middleware.o
    0x08001254   0x08001254   0x00000034   Code   RO         4538    i.BMI088_temperature_read_over  bmi088_driver.o
    0x08001288   0x08001288   0x00000014   Code   RO         4539    i.BMI088_write_single_reg  bmi088_driver.o
    0x0800129c   0x0800129c   0x000001cc   Code   RO         3149    i.B_Chassis_Control_Loop  chassis_task.o
    0x08001468   0x08001468   0x00000164   Code   RO         3150    i.B_Chassis_Feedback_Update  chassis_task.o
    0x080015cc   0x080015cc   0x000000d8   Code   RO         3151    i.B_Chassis_Init    chassis_task.o
    0x080016a4   0x080016a4   0x0000006c   Code   RO         3152    i.B_Chassis_Mode_Change_Control_Transit  chassis_task.o
    0x08001710   0x08001710   0x000002b8   Code   RO         3153    i.B_Chassis_Set_Contorl  chassis_task.o
    0x080019c8   0x080019c8   0x00000012   Code   RO         3154    i.B_Chassis_Set_Mode  chassis_task.o
    0x080019da   0x080019da   0x00000004   Code   RO         1546    i.BusFault_Handler  stm32f4xx_it.o
    0x080019de   0x080019de   0x00000002   PAD
    0x080019e0   0x080019e0   0x00000010   Code   RO         1547    i.CAN1_RX0_IRQHandler  stm32f4xx_it.o
    0x080019f0   0x080019f0   0x00000010   Code   RO         1548    i.CAN2_RX0_IRQHandler  stm32f4xx_it.o
    0x08001a00   0x08001a00   0x00000050   Code   RO         2944    i.CAN_cmd_chassis   can_receive.o
    0x08001a50   0x08001a50   0x00000050   Code   RO         2946    i.CAN_cmd_gimbal    can_receive.o
    0x08001aa0   0x08001aa0   0x00000044   Code   RO         1489    i.CDC_Control_FS    usbd_cdc_if.o
    0x08001ae4   0x08001ae4   0x00000004   Code   RO         1490    i.CDC_DeInit_FS     usbd_cdc_if.o
    0x08001ae8   0x08001ae8   0x00000024   Code   RO         1491    i.CDC_Init_FS       usbd_cdc_if.o
    0x08001b0c   0x08001b0c   0x0000001c   Code   RO         1492    i.CDC_Receive_FS    usbd_cdc_if.o
    0x08001b28   0x08001b28   0x0000000c   Code   RO         1493    i.CDC_TransmitCplt_FS  usbd_cdc_if.o
    0x08001b34   0x08001b34   0x0000007c   Code   RO         2485    i.DMA1_Stream7_IRQHandler  user_i2c.o
    0x08001bb0   0x08001bb0   0x00000010   Code   RO         1549    i.DMA2_Stream1_IRQHandler  stm32f4xx_it.o
    0x08001bc0   0x08001bc0   0x000000d0   Code   RO         2839    i.DMA2_Stream2_IRQHandler  ins_task.o
    0x08001c90   0x08001c90   0x00000010   Code   RO         1550    i.DMA2_Stream6_IRQHandler  stm32f4xx_it.o
    0x08001ca0   0x08001ca0   0x00000010   Code   RO         1551    i.DMA2_Stream7_IRQHandler  stm32f4xx_it.o
    0x08001cb0   0x08001cb0   0x00000034   Code   RO         5957    i.DMA_CalcBaseAndBitshift  stm32f4xx_hal_dma.o
    0x08001ce4   0x08001ce4   0x000000aa   Code   RO         5958    i.DMA_CheckFifoParam  stm32f4xx_hal_dma.o
    0x08001d8e   0x08001d8e   0x00000002   Code   RO         1552    i.DebugMon_Handler  stm32f4xx_it.o
    0x08001d90   0x08001d90   0x0000000a   Code   RO         1553    i.EXTI0_IRQHandler  stm32f4xx_it.o
    0x08001d9a   0x08001d9a   0x0000000a   Code   RO         1554    i.EXTI3_IRQHandler  stm32f4xx_it.o
    0x08001da4   0x08001da4   0x0000000a   Code   RO         1555    i.EXTI4_IRQHandler  stm32f4xx_it.o
    0x08001dae   0x08001dae   0x0000000a   Code   RO         1556    i.EXTI9_5_IRQHandler  stm32f4xx_it.o
    0x08001db8   0x08001db8   0x00000006   Code   RO            4    i.Error_Handler     main.o
    0x08001dbe   0x08001dbe   0x00000002   PAD
    0x08001dc0   0x08001dc0   0x0000005c   Code   RO         5727    i.FLASH_Erase_Sector  stm32f4xx_hal_flash_ex.o
    0x08001e1c   0x08001e1c   0x00000078   Code   RO         5728    i.FLASH_FlushCaches  stm32f4xx_hal_flash_ex.o
    0x08001e94   0x08001e94   0x00000030   Code   RO         5729    i.FLASH_MassErase   stm32f4xx_hal_flash_ex.o
    0x08001ec4   0x08001ec4   0x00000024   Code   RO         5609    i.FLASH_Program_Byte  stm32f4xx_hal_flash.o
    0x08001ee8   0x08001ee8   0x0000003c   Code   RO         5610    i.FLASH_Program_DoubleWord  stm32f4xx_hal_flash.o
    0x08001f24   0x08001f24   0x00000028   Code   RO         5611    i.FLASH_Program_HalfWord  stm32f4xx_hal_flash.o
    0x08001f4c   0x08001f4c   0x00000028   Code   RO         5612    i.FLASH_Program_Word  stm32f4xx_hal_flash.o
    0x08001f74   0x08001f74   0x00000098   Code   RO         5613    i.FLASH_SetErrorCode  stm32f4xx_hal_flash.o
    0x0800200c   0x0800200c   0x00000064   Code   RO         5614    i.FLASH_WaitForLastOperation  stm32f4xx_hal_flash.o
    0x08002070   0x08002070   0x00000034   Code   RO         1399    i.Get_SerialNum     usbd_desc.o
    0x080020a4   0x080020a4   0x0000018c   Code   RO         6640    i.HAL_ADC_ConfigChannel  stm32f4xx_hal_adc.o
    0x08002230   0x08002230   0x00000008   Code   RO         6647    i.HAL_ADC_GetValue  stm32f4xx_hal_adc.o
    0x08002238   0x08002238   0x00000068   Code   RO         6649    i.HAL_ADC_Init      stm32f4xx_hal_adc.o
    0x080022a0   0x080022a0   0x000000ac   Code   RO          648    i.HAL_ADC_MspInit   adc.o
    0x0800234c   0x0800234c   0x000000ce   Code   RO         6653    i.HAL_ADC_PollForConversion  stm32f4xx_hal_adc.o
    0x0800241a   0x0800241a   0x00000002   PAD
    0x0800241c   0x0800241c   0x0000014c   Code   RO         6655    i.HAL_ADC_Start     stm32f4xx_hal_adc.o
    0x08002568   0x08002568   0x0000002a   Code   RO         6914    i.HAL_CAN_ActivateNotification  stm32f4xx_hal_can.o
    0x08002592   0x08002592   0x00000156   Code   RO         6915    i.HAL_CAN_AddTxMessage  stm32f4xx_hal_can.o
    0x080026e8   0x080026e8   0x00000124   Code   RO         6916    i.HAL_CAN_ConfigFilter  stm32f4xx_hal_can.o
    0x0800280c   0x0800280c   0x00000002   Code   RO         6919    i.HAL_CAN_ErrorCallback  stm32f4xx_hal_can.o
    0x0800280e   0x0800280e   0x0000017a   Code   RO         6922    i.HAL_CAN_GetRxMessage  stm32f4xx_hal_can.o
    0x08002988   0x08002988   0x0000024e   Code   RO         6926    i.HAL_CAN_IRQHandler  stm32f4xx_hal_can.o
    0x08002bd6   0x08002bd6   0x00000174   Code   RO         6927    i.HAL_CAN_Init      stm32f4xx_hal_can.o
    0x08002d4a   0x08002d4a   0x00000002   PAD
    0x08002d4c   0x08002d4c   0x00000160   Code   RO          696    i.HAL_CAN_MspInit   can.o
    0x08002eac   0x08002eac   0x00000002   Code   RO         6934    i.HAL_CAN_RxFifo0FullCallback  stm32f4xx_hal_can.o
    0x08002eae   0x08002eae   0x00000002   PAD
    0x08002eb0   0x08002eb0   0x000000e0   Code   RO         2947    i.HAL_CAN_RxFifo0MsgPendingCallback  can_receive.o
    0x08002f90   0x08002f90   0x00000002   Code   RO         6936    i.HAL_CAN_RxFifo1FullCallback  stm32f4xx_hal_can.o
    0x08002f92   0x08002f92   0x00000002   Code   RO         6937    i.HAL_CAN_RxFifo1MsgPendingCallback  stm32f4xx_hal_can.o
    0x08002f94   0x08002f94   0x00000002   Code   RO         6938    i.HAL_CAN_SleepCallback  stm32f4xx_hal_can.o
    0x08002f96   0x08002f96   0x0000005e   Code   RO         6939    i.HAL_CAN_Start     stm32f4xx_hal_can.o
    0x08002ff4   0x08002ff4   0x00000002   Code   RO         6941    i.HAL_CAN_TxMailbox0AbortCallback  stm32f4xx_hal_can.o
    0x08002ff6   0x08002ff6   0x00000002   Code   RO         6942    i.HAL_CAN_TxMailbox0CompleteCallback  stm32f4xx_hal_can.o
    0x08002ff8   0x08002ff8   0x00000002   Code   RO         6943    i.HAL_CAN_TxMailbox1AbortCallback  stm32f4xx_hal_can.o
    0x08002ffa   0x08002ffa   0x00000002   Code   RO         6944    i.HAL_CAN_TxMailbox1CompleteCallback  stm32f4xx_hal_can.o
    0x08002ffc   0x08002ffc   0x00000002   Code   RO         6945    i.HAL_CAN_TxMailbox2AbortCallback  stm32f4xx_hal_can.o
    0x08002ffe   0x08002ffe   0x00000002   Code   RO         6946    i.HAL_CAN_TxMailbox2CompleteCallback  stm32f4xx_hal_can.o
    0x08003000   0x08003000   0x00000002   Code   RO         6948    i.HAL_CAN_WakeUpFromRxMsgCallback  stm32f4xx_hal_can.o
    0x08003002   0x08003002   0x00000020   Code   RO         7151    i.HAL_CRC_Init      stm32f4xx_hal_crc.o
    0x08003022   0x08003022   0x00000002   PAD
    0x08003024   0x08003024   0x00000034   Code   RO          745    i.HAL_CRC_MspInit   crc.o
    0x08003058   0x08003058   0x00000240   Code   RO         5965    i.HAL_DMA_IRQHandler  stm32f4xx_hal_dma.o
    0x08003298   0x08003298   0x000000ec   Code   RO         5966    i.HAL_DMA_Init      stm32f4xx_hal_dma.o
    0x08003384   0x08003384   0x00000028   Code   RO         6384    i.HAL_Delay         stm32f4xx_hal.o
    0x080033ac   0x080033ac   0x000000ac   Code   RO         5739    i.HAL_FLASHEx_Erase  stm32f4xx_hal_flash_ex.o
    0x08003458   0x08003458   0x00000014   Code   RO         5618    i.HAL_FLASH_Lock    stm32f4xx_hal_flash.o
    0x0800346c   0x0800346c   0x00000098   Code   RO         5623    i.HAL_FLASH_Program  stm32f4xx_hal_flash.o
    0x08003504   0x08003504   0x00000034   Code   RO         5625    i.HAL_FLASH_Unlock  stm32f4xx_hal_flash.o
    0x08003538   0x08003538   0x000000b8   Code   RO         2840    i.HAL_GPIO_EXTI_Callback  ins_task.o
    0x080035f0   0x080035f0   0x0000001c   Code   RO         5852    i.HAL_GPIO_EXTI_IRQHandler  stm32f4xx_hal_gpio.o
    0x0800360c   0x0800360c   0x000001f4   Code   RO         5853    i.HAL_GPIO_Init     stm32f4xx_hal_gpio.o
    0x08003800   0x08003800   0x00000010   Code   RO         5855    i.HAL_GPIO_ReadPin  stm32f4xx_hal_gpio.o
    0x08003810   0x08003810   0x0000000c   Code   RO         5857    i.HAL_GPIO_WritePin  stm32f4xx_hal_gpio.o
    0x0800381c   0x0800381c   0x0000000c   Code   RO         6390    i.HAL_GetTick       stm32f4xx_hal.o
    0x08003828   0x08003828   0x000001d0   Code   RO         7218    i.HAL_I2C_Init      stm32f4xx_hal_i2c.o
    0x080039f8   0x080039f8   0x000002f4   Code   RO         7236    i.HAL_I2C_Mem_Read  stm32f4xx_hal_i2c.o
    0x08003cec   0x08003cec   0x00000164   Code   RO         7239    i.HAL_I2C_Mem_Write  stm32f4xx_hal_i2c.o
    0x08003e50   0x08003e50   0x000001f4   Code   RO          814    i.HAL_I2C_MspInit   i2c.o
    0x08004044   0x08004044   0x00000018   Code   RO         6396    i.HAL_IncTick       stm32f4xx_hal.o
    0x0800405c   0x0800405c   0x0000003c   Code   RO         6397    i.HAL_Init          stm32f4xx_hal.o
    0x08004098   0x08004098   0x0000004c   Code   RO         6398    i.HAL_InitTick      stm32f4xx_hal.o
    0x080040e4   0x080040e4   0x00000054   Code   RO         1673    i.HAL_MspInit       stm32f4xx_hal_msp.o
    0x08004138   0x08004138   0x00000020   Code   RO         6242    i.HAL_NVIC_EnableIRQ  stm32f4xx_hal_cortex.o
    0x08004158   0x08004158   0x0000007c   Code   RO         6248    i.HAL_NVIC_SetPriority  stm32f4xx_hal_cortex.o
    0x080041d4   0x080041d4   0x00000028   Code   RO         6249    i.HAL_NVIC_SetPriorityGrouping  stm32f4xx_hal_cortex.o
    0x080041fc   0x080041fc   0x00000002   Code   RO         5101    i.HAL_PCDEx_LPM_Callback  stm32f4xx_hal_pcd_ex.o
    0x080041fe   0x080041fe   0x0000000a   Code   RO         5102    i.HAL_PCDEx_SetRxFiFo  stm32f4xx_hal_pcd_ex.o
    0x08004208   0x08004208   0x0000004e   Code   RO         5103    i.HAL_PCDEx_SetTxFiFo  stm32f4xx_hal_pcd_ex.o
    0x08004256   0x08004256   0x0000000e   Code   RO         1192    i.HAL_PCD_ConnectCallback  usbd_conf.o
    0x08004264   0x08004264   0x00000020   Code   RO         1193    i.HAL_PCD_DataInStageCallback  usbd_conf.o
    0x08004284   0x08004284   0x00000020   Code   RO         1194    i.HAL_PCD_DataOutStageCallback  usbd_conf.o
    0x080042a4   0x080042a4   0x0000000e   Code   RO         1195    i.HAL_PCD_DisconnectCallback  usbd_conf.o
    0x080042b2   0x080042b2   0x00000042   Code   RO         4866    i.HAL_PCD_EP_Abort  stm32f4xx_hal_pcd.o
    0x080042f4   0x080042f4   0x0000006a   Code   RO         4867    i.HAL_PCD_EP_Close  stm32f4xx_hal_pcd.o
    0x0800435e   0x0800435e   0x0000007c   Code   RO         4868    i.HAL_PCD_EP_ClrStall  stm32f4xx_hal_pcd.o
    0x080043da   0x080043da   0x00000016   Code   RO         4870    i.HAL_PCD_EP_GetRxCount  stm32f4xx_hal_pcd.o
    0x080043f0   0x080043f0   0x0000008c   Code   RO         4871    i.HAL_PCD_EP_Open   stm32f4xx_hal_pcd.o
    0x0800447c   0x0800447c   0x00000058   Code   RO         4872    i.HAL_PCD_EP_Receive  stm32f4xx_hal_pcd.o
    0x080044d4   0x080044d4   0x0000008a   Code   RO         4873    i.HAL_PCD_EP_SetStall  stm32f4xx_hal_pcd.o
    0x0800455e   0x0800455e   0x0000005a   Code   RO         4874    i.HAL_PCD_EP_Transmit  stm32f4xx_hal_pcd.o
    0x080045b8   0x080045b8   0x000006ca   Code   RO         4876    i.HAL_PCD_IRQHandler  stm32f4xx_hal_pcd.o
    0x08004c82   0x08004c82   0x00000012   Code   RO         1196    i.HAL_PCD_ISOINIncompleteCallback  usbd_conf.o
    0x08004c94   0x08004c94   0x00000012   Code   RO         1197    i.HAL_PCD_ISOOUTIncompleteCallback  usbd_conf.o
    0x08004ca6   0x08004ca6   0x00000166   Code   RO         4879    i.HAL_PCD_Init      stm32f4xx_hal_pcd.o
    0x08004e0c   0x08004e0c   0x000000a8   Code   RO         1199    i.HAL_PCD_MspInit   usbd_conf.o
    0x08004eb4   0x08004eb4   0x00000030   Code   RO         1200    i.HAL_PCD_ResetCallback  usbd_conf.o
    0x08004ee4   0x08004ee4   0x0000000e   Code   RO         1201    i.HAL_PCD_ResumeCallback  usbd_conf.o
    0x08004ef2   0x08004ef2   0x0000000e   Code   RO         1202    i.HAL_PCD_SOFCallback  usbd_conf.o
    0x08004f00   0x08004f00   0x00000036   Code   RO         4885    i.HAL_PCD_SetAddress  stm32f4xx_hal_pcd.o
    0x08004f36   0x08004f36   0x00000012   Code   RO         1203    i.HAL_PCD_SetupStageCallback  usbd_conf.o
    0x08004f48   0x08004f48   0x0000004a   Code   RO         4888    i.HAL_PCD_Start     stm32f4xx_hal_pcd.o
    0x08004f92   0x08004f92   0x00000002   PAD
    0x08004f94   0x08004f94   0x00000034   Code   RO         1204    i.HAL_PCD_SuspendCallback  usbd_conf.o
    0x08004fc8   0x08004fc8   0x000001a0   Code   RO         5559    i.HAL_RCCEx_PeriphCLKConfig  stm32f4xx_hal_rcc_ex.o
    0x08005168   0x08005168   0x00000184   Code   RO         5454    i.HAL_RCC_ClockConfig  stm32f4xx_hal_rcc.o
    0x080052ec   0x080052ec   0x0000000c   Code   RO         5457    i.HAL_RCC_EnableCSS  stm32f4xx_hal_rcc.o
    0x080052f8   0x080052f8   0x0000000c   Code   RO         5459    i.HAL_RCC_GetHCLKFreq  stm32f4xx_hal_rcc.o
    0x08005304   0x08005304   0x00000020   Code   RO         5461    i.HAL_RCC_GetPCLK1Freq  stm32f4xx_hal_rcc.o
    0x08005324   0x08005324   0x00000020   Code   RO         5462    i.HAL_RCC_GetPCLK2Freq  stm32f4xx_hal_rcc.o
    0x08005344   0x08005344   0x000000b0   Code   RO         5463    i.HAL_RCC_GetSysClockFreq  stm32f4xx_hal_rcc.o
    0x080053f4   0x080053f4   0x0000049c   Code   RO         5466    i.HAL_RCC_OscConfig  stm32f4xx_hal_rcc.o
    0x08005890   0x08005890   0x00000034   Code   RO         7706    i.HAL_RNG_Init      stm32f4xx_hal_rng.o
    0x080058c4   0x080058c4   0x00000034   Code   RO          868    i.HAL_RNG_MspInit   rng.o
    0x080058f8   0x080058f8   0x000000a4   Code   RO         7812    i.HAL_RTC_Init      stm32f4xx_hal_rtc.o
    0x0800599c   0x0800599c   0x00000040   Code   RO          910    i.HAL_RTC_MspInit   rtc.o
    0x080059dc   0x080059dc   0x0000003a   Code   RO         7820    i.HAL_RTC_WaitForSynchro  stm32f4xx_hal_rtc.o
    0x08005a16   0x08005a16   0x000000c8   Code   RO         8212    i.HAL_SPI_Init      stm32f4xx_hal_spi.o
    0x08005ade   0x08005ade   0x00000002   PAD
    0x08005ae0   0x08005ae0   0x000001cc   Code   RO          952    i.HAL_SPI_MspInit   spi.o
    0x08005cac   0x08005cac   0x0000022a   Code   RO         8221    i.HAL_SPI_TransmitReceive  stm32f4xx_hal_spi.o
    0x08005ed6   0x08005ed6   0x00000034   Code   RO         6253    i.HAL_SYSTICK_Config  stm32f4xx_hal_cortex.o
    0x08005f0a   0x08005f0a   0x00000074   Code   RO         9243    i.HAL_TIMEx_ConfigBreakDeadTime  stm32f4xx_hal_tim_ex.o
    0x08005f7e   0x08005f7e   0x00000002   PAD
    0x08005f80   0x08005f80   0x000000b4   Code   RO         9259    i.HAL_TIMEx_MasterConfigSynchronization  stm32f4xx_hal_tim_ex.o
    0x08006034   0x08006034   0x00000066   Code   RO         8525    i.HAL_TIM_Base_Init  stm32f4xx_hal_tim.o
    0x0800609a   0x0800609a   0x00000002   PAD
    0x0800609c   0x0800609c   0x0000011c   Code   RO         1000    i.HAL_TIM_Base_MspInit  tim.o
    0x080061b8   0x080061b8   0x0000009c   Code   RO         8528    i.HAL_TIM_Base_Start  stm32f4xx_hal_tim.o
    0x08006254   0x08006254   0x0000010c   Code   RO         8534    i.HAL_TIM_ConfigClockSource  stm32f4xx_hal_tim.o
    0x08006360   0x08006360   0x000002c0   Code   RO         1001    i.HAL_TIM_MspPostInit  tim.o
    0x08006620   0x08006620   0x00000104   Code   RO         8597    i.HAL_TIM_PWM_ConfigChannel  stm32f4xx_hal_tim.o
    0x08006724   0x08006724   0x00000066   Code   RO         8600    i.HAL_TIM_PWM_Init  stm32f4xx_hal_tim.o
    0x0800678a   0x0800678a   0x00000002   Code   RO         8602    i.HAL_TIM_PWM_MspInit  stm32f4xx_hal_tim.o
    0x0800678c   0x0800678c   0x0000010c   Code   RO         8605    i.HAL_TIM_PWM_Start  stm32f4xx_hal_tim.o
    0x08006898   0x08006898   0x00000072   Code   RO         9536    i.HAL_UART_Init     stm32f4xx_hal_uart.o
    0x0800690a   0x0800690a   0x00000002   PAD
    0x0800690c   0x0800690c   0x000002f0   Code   RO         1078    i.HAL_UART_MspInit  usart.o
    0x08006bfc   0x08006bfc   0x00000010   Code   RO         1557    i.HardFault_Handler  stm32f4xx_it.o
    0x08006c0c   0x08006c0c   0x0000003e   Code   RO         7261    i.I2C_IsAcknowledgeFailed  stm32f4xx_hal_i2c.o
    0x08006c4a   0x08006c4a   0x00000002   PAD
    0x08006c4c   0x08006c4c   0x00000160   Code   RO         7272    i.I2C_RequestMemoryRead  stm32f4xx_hal_i2c.o
    0x08006dac   0x08006dac   0x000000e0   Code   RO         7273    i.I2C_RequestMemoryWrite  stm32f4xx_hal_i2c.o
    0x08006e8c   0x08006e8c   0x0000005c   Code   RO         7281    i.I2C_WaitOnBTFFlagUntilTimeout  stm32f4xx_hal_i2c.o
    0x08006ee8   0x08006ee8   0x00000086   Code   RO         7282    i.I2C_WaitOnFlagUntilTimeout  stm32f4xx_hal_i2c.o
    0x08006f6e   0x08006f6e   0x000000c4   Code   RO         7283    i.I2C_WaitOnMasterAddressFlagUntilTimeout  stm32f4xx_hal_i2c.o
    0x08007032   0x08007032   0x00000080   Code   RO         7284    i.I2C_WaitOnRXNEFlagUntilTimeout  stm32f4xx_hal_i2c.o
    0x080070b2   0x080070b2   0x0000005c   Code   RO         7287    i.I2C_WaitOnTXEFlagUntilTimeout  stm32f4xx_hal_i2c.o
    0x0800710e   0x0800710e   0x00000002   PAD
    0x08007110   0x08007110   0x0000007c   Code   RO         2841    i.INS_cali_gyro     ins_task.o
    0x0800718c   0x0800718c   0x00000048   Code   RO         2842    i.INS_set_cali_gyro  ins_task.o
    0x080071d4   0x080071d4   0x00000304   Code   RO         2843    i.INS_task          ins_task.o
    0x080074d8   0x080074d8   0x0000003e   Code   RO         1400    i.IntToUnicode      usbd_desc.o
    0x08007516   0x08007516   0x00000002   PAD
    0x08007518   0x08007518   0x00000070   Code   RO          649    i.MX_ADC1_Init      adc.o
    0x08007588   0x08007588   0x00000070   Code   RO          650    i.MX_ADC3_Init      adc.o
    0x080075f8   0x080075f8   0x00000044   Code   RO          697    i.MX_CAN1_Init      can.o
    0x0800763c   0x0800763c   0x00000044   Code   RO          698    i.MX_CAN2_Init      can.o
    0x08007680   0x08007680   0x00000020   Code   RO          746    i.MX_CRC_Init       crc.o
    0x080076a0   0x080076a0   0x000000b8   Code   RO          786    i.MX_DMA_Init       dma.o
    0x08007758   0x08007758   0x00000124   Code   RO          591    i.MX_FREERTOS_Init  freertos.o
    0x0800787c   0x0800787c   0x00000254   Code   RO          432    i.MX_GPIO_Init      gpio.o
    0x08007ad0   0x08007ad0   0x0000003c   Code   RO          815    i.MX_I2C1_Init      i2c.o
    0x08007b0c   0x08007b0c   0x0000003c   Code   RO          816    i.MX_I2C2_Init      i2c.o
    0x08007b48   0x08007b48   0x0000003c   Code   RO          817    i.MX_I2C3_Init      i2c.o
    0x08007b84   0x08007b84   0x00000020   Code   RO          869    i.MX_RNG_Init       rng.o
    0x08007ba4   0x08007ba4   0x00000034   Code   RO          911    i.MX_RTC_Init       rtc.o
    0x08007bd8   0x08007bd8   0x00000048   Code   RO          953    i.MX_SPI1_Init      spi.o
    0x08007c20   0x08007c20   0x00000048   Code   RO          954    i.MX_SPI2_Init      spi.o
    0x08007c68   0x08007c68   0x0000006c   Code   RO         1002    i.MX_TIM10_Init     tim.o
    0x08007cd4   0x08007cd4   0x0000010c   Code   RO         1003    i.MX_TIM1_Init      tim.o
    0x08007de0   0x08007de0   0x000000a4   Code   RO         1004    i.MX_TIM3_Init      tim.o
    0x08007e84   0x08007e84   0x000000a4   Code   RO         1005    i.MX_TIM4_Init      tim.o
    0x08007f28   0x08007f28   0x000000c4   Code   RO         1006    i.MX_TIM5_Init      tim.o
    0x08007fec   0x08007fec   0x000000ec   Code   RO         1007    i.MX_TIM8_Init      tim.o
    0x080080d8   0x080080d8   0x00000038   Code   RO         1079    i.MX_USART1_UART_Init  usart.o
    0x08008110   0x08008110   0x00000038   Code   RO         1080    i.MX_USART3_UART_Init  usart.o
    0x08008148   0x08008148   0x00000038   Code   RO         1081    i.MX_USART6_UART_Init  usart.o
    0x08008180   0x08008180   0x0000004c   Code   RO         1131    i.MX_USB_DEVICE_Init  usb_device.o
    0x080081cc   0x080081cc   0x00000004   Code   RO         1558    i.MemManage_Handler  stm32f4xx_it.o
    0x080081d0   0x080081d0   0x00000004   Code   RO         1559    i.NMI_Handler       stm32f4xx_it.o
    0x080081d4   0x080081d4   0x00000010   Code   RO         1560    i.OTG_FS_IRQHandler  stm32f4xx_it.o
    0x080081e4   0x080081e4   0x00000064   Code   RO         4892    i.PCD_EP_OutSetupPacket_int  stm32f4xx_hal_pcd.o
    0x08008248   0x08008248   0x00000144   Code   RO         4893    i.PCD_EP_OutXfrComplete_int  stm32f4xx_hal_pcd.o
    0x0800838c   0x0800838c   0x000000b6   Code   RO         4894    i.PCD_WriteEmptyTxFifo  stm32f4xx_hal_pcd.o
    0x08008442   0x08008442   0x00000002   PAD
    0x08008444   0x08008444   0x000001f0   Code   RO         4290    i.PID_calc          pid.o
    0x08008634   0x08008634   0x0000004c   Code   RO         4291    i.PID_clear         pid.o
    0x08008680   0x08008680   0x00000060   Code   RO         4292    i.PID_init          pid.o
    0x080086e0   0x080086e0   0x0000009c   Code   RO         2165    i.RC_Init           remote_dma.o
    0x0800877c   0x0800877c   0x00000354   Code   RO         3026    i.RC_cmd_to_calibrate  calibrate_task.o
    0x08008ad0   0x08008ad0   0x00000050   Code   RO         2166    i.RC_restart        remote_dma.o
    0x08008b20   0x08008b20   0x00000018   Code   RO         2167    i.RC_unable         remote_dma.o
    0x08008b38   0x08008b38   0x0000004a   Code   RO         7823    i.RTC_EnterInitMode  stm32f4xx_hal_rtc.o
    0x08008b82   0x08008b82   0x0000002e   Code   RO         7824    i.RTC_ExitInitMode  stm32f4xx_hal_rtc.o
    0x08008bb0   0x08008bb0   0x00000148   Code   RO         2454    i.SPI1_DMA_enable   user_spi.o
    0x08008cf8   0x08008cf8   0x00000180   Code   RO         2455    i.SPI1_DMA_init     user_spi.o
    0x08008e78   0x08008e78   0x0000006c   Code   RO         8250    i.SPI_EndRxTxTransaction  stm32f4xx_hal_spi.o
    0x08008ee4   0x08008ee4   0x000000d8   Code   RO         8255    i.SPI_WaitFlagStateUntilTimeout  stm32f4xx_hal_spi.o
    0x08008fbc   0x08008fbc   0x00000012   Code   RO        11656    i.SWAPBYTE          usbd_ctlreq.o
    0x08008fce   0x08008fce   0x00000014   Code   RO         1561    i.SysTick_Handler   stm32f4xx_it.o
    0x08008fe2   0x08008fe2   0x00000002   PAD
    0x08008fe4   0x08008fe4   0x000000b8   Code   RO            5    i.SystemClock_Config  main.o
    0x0800909c   0x0800909c   0x00000014   Code   RO         9875    i.SystemInit        system_stm32f4xx.o
    0x080090b0   0x080090b0   0x000000d8   Code   RO         8618    i.TIM_Base_SetConfig  stm32f4xx_hal_tim.o
    0x08009188   0x08009188   0x00000022   Code   RO         8619    i.TIM_CCxChannelCmd  stm32f4xx_hal_tim.o
    0x080091aa   0x080091aa   0x00000016   Code   RO         8629    i.TIM_ETR_SetConfig  stm32f4xx_hal_tim.o
    0x080091c0   0x080091c0   0x00000012   Code   RO         8630    i.TIM_ITRx_SetConfig  stm32f4xx_hal_tim.o
    0x080091d2   0x080091d2   0x00000002   PAD
    0x080091d4   0x080091d4   0x00000070   Code   RO         8631    i.TIM_OC1_SetConfig  stm32f4xx_hal_tim.o
    0x08009244   0x08009244   0x0000007c   Code   RO         8632    i.TIM_OC2_SetConfig  stm32f4xx_hal_tim.o
    0x080092c0   0x080092c0   0x00000078   Code   RO         8633    i.TIM_OC3_SetConfig  stm32f4xx_hal_tim.o
    0x08009338   0x08009338   0x00000054   Code   RO         8634    i.TIM_OC4_SetConfig  stm32f4xx_hal_tim.o
    0x0800938c   0x0800938c   0x00000026   Code   RO         8636    i.TIM_TI1_ConfigInputStage  stm32f4xx_hal_tim.o
    0x080093b2   0x080093b2   0x00000028   Code   RO         8638    i.TIM_TI2_ConfigInputStage  stm32f4xx_hal_tim.o
    0x080093da   0x080093da   0x00000002   PAD
    0x080093dc   0x080093dc   0x0000022c   Code   RO         9563    i.UART_SetConfig    stm32f4xx_hal_uart.o
    0x08009608   0x08009608   0x00000140   Code   RO         1922    i.USART3_IRQHandler  remote.o
    0x08009748   0x08009748   0x00000128   Code   RO         3631    i.USART6_IRQHandler  referee_task.o
    0x08009870   0x08009870   0x000000c4   Code   RO        11819    i.USBD_CDC_DataIn   usbd_cdc.o
    0x08009934   0x08009934   0x00000048   Code   RO        11820    i.USBD_CDC_DataOut  usbd_cdc.o
    0x0800997c   0x0800997c   0x000000d4   Code   RO        11821    i.USBD_CDC_DeInit   usbd_cdc.o
    0x08009a50   0x08009a50   0x00000050   Code   RO        11822    i.USBD_CDC_EP0_RxReady  usbd_cdc.o
    0x08009aa0   0x08009aa0   0x00000010   Code   RO        11823    i.USBD_CDC_GetDeviceQualifierDescriptor  usbd_cdc.o
    0x08009ab0   0x08009ab0   0x00000044   Code   RO        11824    i.USBD_CDC_GetFSCfgDesc  usbd_cdc.o
    0x08009af4   0x08009af4   0x00000048   Code   RO        11825    i.USBD_CDC_GetHSCfgDesc  usbd_cdc.o
    0x08009b3c   0x08009b3c   0x00000044   Code   RO        11826    i.USBD_CDC_GetOtherSpeedCfgDesc  usbd_cdc.o
    0x08009b80   0x08009b80   0x000001a0   Code   RO        11827    i.USBD_CDC_Init     usbd_cdc.o
    0x08009d20   0x08009d20   0x00000050   Code   RO        11828    i.USBD_CDC_ReceivePacket  usbd_cdc.o
    0x08009d70   0x08009d70   0x00000018   Code   RO        11829    i.USBD_CDC_RegisterInterface  usbd_cdc.o
    0x08009d88   0x08009d88   0x0000001e   Code   RO        11830    i.USBD_CDC_SetRxBuffer  usbd_cdc.o
    0x08009da6   0x08009da6   0x00000024   Code   RO        11831    i.USBD_CDC_SetTxBuffer  usbd_cdc.o
    0x08009dca   0x08009dca   0x00000140   Code   RO        11832    i.USBD_CDC_Setup    usbd_cdc.o
    0x08009f0a   0x08009f0a   0x0000001c   Code   RO        11494    i.USBD_ClrClassConfig  usbd_core.o
    0x08009f26   0x08009f26   0x0000003e   Code   RO        11657    i.USBD_ClrFeature   usbd_ctlreq.o
    0x08009f64   0x08009f64   0x00000006   Code   RO        11495    i.USBD_CoreFindEP   usbd_core.o
    0x08009f6a   0x08009f6a   0x00000006   Code   RO        11496    i.USBD_CoreFindIF   usbd_core.o
    0x08009f70   0x08009f70   0x00000018   Code   RO        11759    i.USBD_CtlContinueRx  usbd_ioreq.o
    0x08009f88   0x08009f88   0x00000018   Code   RO        11760    i.USBD_CtlContinueSendData  usbd_ioreq.o
    0x08009fa0   0x08009fa0   0x00000018   Code   RO        11658    i.USBD_CtlError     usbd_ctlreq.o
    0x08009fb8   0x08009fb8   0x00000028   Code   RO        11761    i.USBD_CtlPrepareRx  usbd_ioreq.o
    0x08009fe0   0x08009fe0   0x0000001a   Code   RO        11762    i.USBD_CtlReceiveStatus  usbd_ioreq.o
    0x08009ffa   0x08009ffa   0x00000022   Code   RO        11763    i.USBD_CtlSendData  usbd_ioreq.o
    0x0800a01c   0x0800a01c   0x0000001a   Code   RO        11764    i.USBD_CtlSendStatus  usbd_ioreq.o
    0x0800a036   0x0800a036   0x00000002   PAD
    0x0800a038   0x0800a038   0x00000034   Code   RO         1401    i.USBD_FS_ConfigStrDescriptor  usbd_desc.o
    0x0800a06c   0x0800a06c   0x00000010   Code   RO         1402    i.USBD_FS_DeviceDescriptor  usbd_desc.o
    0x0800a07c   0x0800a07c   0x00000038   Code   RO         1403    i.USBD_FS_InterfaceStrDescriptor  usbd_desc.o
    0x0800a0b4   0x0800a0b4   0x00000010   Code   RO         1404    i.USBD_FS_LangIDStrDescriptor  usbd_desc.o
    0x0800a0c4   0x0800a0c4   0x0000002c   Code   RO         1405    i.USBD_FS_ManufacturerStrDescriptor  usbd_desc.o
    0x0800a0f0   0x0800a0f0   0x00000040   Code   RO         1406    i.USBD_FS_ProductStrDescriptor  usbd_desc.o
    0x0800a130   0x0800a130   0x00000018   Code   RO         1407    i.USBD_FS_SerialStrDescriptor  usbd_desc.o
    0x0800a148   0x0800a148   0x00000056   Code   RO        11659    i.USBD_GetConfig    usbd_ctlreq.o
    0x0800a19e   0x0800a19e   0x000001fc   Code   RO        11660    i.USBD_GetDescriptor  usbd_ctlreq.o
    0x0800a39a   0x0800a39a   0x00000050   Code   RO        11498    i.USBD_GetEpDesc    usbd_core.o
    0x0800a3ea   0x0800a3ea   0x00000016   Code   RO        11661    i.USBD_GetLen       usbd_ctlreq.o
    0x0800a400   0x0800a400   0x00000014   Code   RO        11499    i.USBD_GetNextDesc  usbd_core.o
    0x0800a414   0x0800a414   0x0000005a   Code   RO        11662    i.USBD_GetStatus    usbd_ctlreq.o
    0x0800a46e   0x0800a46e   0x00000054   Code   RO        11663    i.USBD_GetString    usbd_ctlreq.o
    0x0800a4c2   0x0800a4c2   0x0000002c   Code   RO         1205    i.USBD_Get_USB_Status  usbd_conf.o
    0x0800a4ee   0x0800a4ee   0x0000003a   Code   RO        11500    i.USBD_Init         usbd_core.o
    0x0800a528   0x0800a528   0x00000026   Code   RO         1206    i.USBD_LL_ClearStallEP  usbd_conf.o
    0x0800a54e   0x0800a54e   0x00000026   Code   RO         1207    i.USBD_LL_CloseEP   usbd_conf.o
    0x0800a574   0x0800a574   0x00000108   Code   RO        11501    i.USBD_LL_DataInStage  usbd_core.o
    0x0800a67c   0x0800a67c   0x00000102   Code   RO        11502    i.USBD_LL_DataOutStage  usbd_core.o
    0x0800a77e   0x0800a77e   0x00000006   Code   RO        11503    i.USBD_LL_DevConnected  usbd_core.o
    0x0800a784   0x0800a784   0x00000026   Code   RO        11504    i.USBD_LL_DevDisconnected  usbd_core.o
    0x0800a7aa   0x0800a7aa   0x00000012   Code   RO         1211    i.USBD_LL_GetRxDataSize  usbd_conf.o
    0x0800a7bc   0x0800a7bc   0x00000068   Code   RO         1212    i.USBD_LL_Init      usbd_conf.o
    0x0800a824   0x0800a824   0x00000038   Code   RO         1213    i.USBD_LL_IsStallEP  usbd_conf.o
    0x0800a85c   0x0800a85c   0x00000048   Code   RO        11505    i.USBD_LL_IsoINIncomplete  usbd_core.o
    0x0800a8a4   0x0800a8a4   0x00000048   Code   RO        11506    i.USBD_LL_IsoOUTIncomplete  usbd_core.o
    0x0800a8ec   0x0800a8ec   0x00000030   Code   RO         1214    i.USBD_LL_OpenEP    usbd_conf.o
    0x0800a91c   0x0800a91c   0x00000030   Code   RO         1215    i.USBD_LL_PrepareReceive  usbd_conf.o
    0x0800a94c   0x0800a94c   0x0000006c   Code   RO        11507    i.USBD_LL_Reset     usbd_core.o
    0x0800a9b8   0x0800a9b8   0x00000016   Code   RO        11508    i.USBD_LL_Resume    usbd_core.o
    0x0800a9ce   0x0800a9ce   0x00000028   Code   RO        11509    i.USBD_LL_SOF       usbd_core.o
    0x0800a9f6   0x0800a9f6   0x00000008   Code   RO        11510    i.USBD_LL_SetSpeed  usbd_core.o
    0x0800a9fe   0x0800a9fe   0x00000026   Code   RO         1216    i.USBD_LL_SetUSBAddress  usbd_conf.o
    0x0800aa24   0x0800aa24   0x00000076   Code   RO        11511    i.USBD_LL_SetupStage  usbd_core.o
    0x0800aa9a   0x0800aa9a   0x00000026   Code   RO         1217    i.USBD_LL_StallEP   usbd_conf.o
    0x0800aac0   0x0800aac0   0x0000001e   Code   RO         1218    i.USBD_LL_Start     usbd_conf.o
    0x0800aade   0x0800aade   0x00000014   Code   RO        11512    i.USBD_LL_Suspend   usbd_core.o
    0x0800aaf2   0x0800aaf2   0x00000030   Code   RO         1220    i.USBD_LL_Transmit  usbd_conf.o
    0x0800ab22   0x0800ab22   0x00000036   Code   RO        11664    i.USBD_ParseSetupRequest  usbd_ctlreq.o
    0x0800ab58   0x0800ab58   0x00000048   Code   RO        11513    i.USBD_RegisterClass  usbd_core.o
    0x0800aba0   0x0800aba0   0x00000006   Code   RO        11514    i.USBD_RunTestMode  usbd_core.o
    0x0800aba6   0x0800aba6   0x0000005a   Code   RO        11665    i.USBD_SetAddress   usbd_ctlreq.o
    0x0800ac00   0x0800ac00   0x00000020   Code   RO        11515    i.USBD_SetClassConfig  usbd_core.o
    0x0800ac20   0x0800ac20   0x00000104   Code   RO        11666    i.USBD_SetConfig    usbd_ctlreq.o
    0x0800ad24   0x0800ad24   0x00000038   Code   RO        11667    i.USBD_SetFeature   usbd_ctlreq.o
    0x0800ad5c   0x0800ad5c   0x0000000c   Code   RO        11516    i.USBD_Start        usbd_core.o
    0x0800ad68   0x0800ad68   0x000000ae   Code   RO        11668    i.USBD_StdDevReq    usbd_ctlreq.o
    0x0800ae16   0x0800ae16   0x00000280   Code   RO        11669    i.USBD_StdEPReq     usbd_ctlreq.o
    0x0800b096   0x0800b096   0x000000ae   Code   RO        11670    i.USBD_StdItfReq    usbd_ctlreq.o
    0x0800b144   0x0800b144   0x00000002   Code   RO         1221    i.USBD_static_free  usbd_conf.o
    0x0800b146   0x0800b146   0x00000002   PAD
    0x0800b148   0x0800b148   0x0000000c   Code   RO         1222    i.USBD_static_malloc  usbd_conf.o
    0x0800b154   0x0800b154   0x000000d0   Code   RO         5143    i.USB_ActivateEndpoint  stm32f4xx_ll_usb.o
    0x0800b224   0x0800b224   0x00000028   Code   RO         5145    i.USB_ActivateSetup  stm32f4xx_ll_usb.o
    0x0800b24c   0x0800b24c   0x00000084   Code   RO         5147    i.USB_CoreInit      stm32f4xx_ll_usb.o
    0x0800b2d0   0x0800b2d0   0x00000058   Code   RO         5148    i.USB_CoreReset     stm32f4xx_ll_usb.o
    0x0800b328   0x0800b328   0x0000014c   Code   RO         5151    i.USB_DeactivateEndpoint  stm32f4xx_ll_usb.o
    0x0800b474   0x0800b474   0x00000024   Code   RO         5152    i.USB_DevConnect    stm32f4xx_ll_usb.o
    0x0800b498   0x0800b498   0x00000024   Code   RO         5153    i.USB_DevDisconnect  stm32f4xx_ll_usb.o
    0x0800b4bc   0x0800b4bc   0x000001e0   Code   RO         5154    i.USB_DevInit       stm32f4xx_ll_usb.o
    0x0800b69c   0x0800b69c   0x0000000e   Code   RO         5155    i.USB_DisableGlobalInt  stm32f4xx_ll_usb.o
    0x0800b6aa   0x0800b6aa   0x00000002   PAD
    0x0800b6ac   0x0800b6ac   0x000001dc   Code   RO         5158    i.USB_EP0StartXfer  stm32f4xx_ll_usb.o
    0x0800b888   0x0800b888   0x00000070   Code   RO         5159    i.USB_EP0_OutStart  stm32f4xx_ll_usb.o
    0x0800b8f8   0x0800b8f8   0x0000008e   Code   RO         5160    i.USB_EPClearStall  stm32f4xx_ll_usb.o
    0x0800b986   0x0800b986   0x0000009a   Code   RO         5161    i.USB_EPSetStall    stm32f4xx_ll_usb.o
    0x0800ba20   0x0800ba20   0x00000348   Code   RO         5162    i.USB_EPStartXfer   stm32f4xx_ll_usb.o
    0x0800bd68   0x0800bd68   0x000000ec   Code   RO         5163    i.USB_EPStopXfer    stm32f4xx_ll_usb.o
    0x0800be54   0x0800be54   0x0000000e   Code   RO         5164    i.USB_EnableGlobalInt  stm32f4xx_ll_usb.o
    0x0800be62   0x0800be62   0x00000002   PAD
    0x0800be64   0x0800be64   0x00000054   Code   RO         5165    i.USB_FlushRxFifo   stm32f4xx_ll_usb.o
    0x0800beb8   0x0800beb8   0x00000058   Code   RO         5166    i.USB_FlushTxFifo   stm32f4xx_ll_usb.o
    0x0800bf10   0x0800bf10   0x00000026   Code   RO         5168    i.USB_GetDevSpeed   stm32f4xx_ll_usb.o
    0x0800bf36   0x0800bf36   0x0000000a   Code   RO         5170    i.USB_GetMode       stm32f4xx_ll_usb.o
    0x0800bf40   0x0800bf40   0x00000014   Code   RO         5177    i.USB_ReadDevAllInEpInterrupt  stm32f4xx_ll_usb.o
    0x0800bf54   0x0800bf54   0x00000014   Code   RO         5178    i.USB_ReadDevAllOutEpInterrupt  stm32f4xx_ll_usb.o
    0x0800bf68   0x0800bf68   0x00000032   Code   RO         5179    i.USB_ReadDevInEPInterrupt  stm32f4xx_ll_usb.o
    0x0800bf9a   0x0800bf9a   0x0000001a   Code   RO         5180    i.USB_ReadDevOutEPInterrupt  stm32f4xx_ll_usb.o
    0x0800bfb4   0x0800bfb4   0x0000000a   Code   RO         5181    i.USB_ReadInterrupts  stm32f4xx_ll_usb.o
    0x0800bfbe   0x0800bfbe   0x00000060   Code   RO         5182    i.USB_ReadPacket    stm32f4xx_ll_usb.o
    0x0800c01e   0x0800c01e   0x00000068   Code   RO         5184    i.USB_SetCurrentMode  stm32f4xx_ll_usb.o
    0x0800c086   0x0800c086   0x0000002a   Code   RO         5185    i.USB_SetDevAddress  stm32f4xx_ll_usb.o
    0x0800c0b0   0x0800c0b0   0x00000012   Code   RO         5186    i.USB_SetDevSpeed   stm32f4xx_ll_usb.o
    0x0800c0c2   0x0800c0c2   0x00000002   PAD
    0x0800c0c4   0x0800c0c4   0x000000e8   Code   RO         5187    i.USB_SetTurnaroundTime  stm32f4xx_ll_usb.o
    0x0800c1ac   0x0800c1ac   0x00000044   Code   RO         5190    i.USB_WritePacket   stm32f4xx_ll_usb.o
    0x0800c1f0   0x0800c1f0   0x00000004   Code   RO         1562    i.UsageFault_Handler  stm32f4xx_it.o
    0x0800c1f4   0x0800c1f4   0x00000026   Code   RO        12538    i.__ARM_fpclassifyf  m_wm.l(fpclassifyf.o)
    0x0800c21a   0x0800c21a   0x00000002   PAD
    0x0800c21c   0x0800c21c   0x00000010   Code   RO         6255    i.__NVIC_GetPriorityGrouping  stm32f4xx_hal_cortex.o
    0x0800c22c   0x0800c22c   0x00000028   Code   RO         6256    i.__NVIC_SetPriority  stm32f4xx_hal_cortex.o
    0x0800c254   0x0800c254   0x00000006   Code   RO         4008    i.__get_PRIMASK     fifo.o
    0x0800c25a   0x0800c25a   0x00000002   PAD
    0x0800c25c   0x0800c25c   0x0000012c   Code   RO        12279    i.__hardfp_asinf    m_wm.l(asinf.o)
    0x0800c388   0x0800c388   0x000002ac   Code   RO        12291    i.__hardfp_atan2f   m_wm.l(atan2f.o)
    0x0800c634   0x0800c634   0x00000014   Code   RO        12303    i.__hardfp_fabs     m_wm.l(fabs.o)
    0x0800c648   0x0800c648   0x0000003a   Code   RO        12321    i.__hardfp_sqrtf    m_wm.l(sqrtf_full.o)
    0x0800c682   0x0800c682   0x00000006   Code   RO        12541    i.__mathlib_flt_infnan  m_wm.l(funder.o)
    0x0800c688   0x0800c688   0x00000006   Code   RO        12542    i.__mathlib_flt_infnan2  m_wm.l(funder.o)
    0x0800c68e   0x0800c68e   0x00000002   PAD
    0x0800c690   0x0800c690   0x00000010   Code   RO        12543    i.__mathlib_flt_invalid  m_wm.l(funder.o)
    0x0800c6a0   0x0800c6a0   0x00000010   Code   RO        12546    i.__mathlib_flt_underflow  m_wm.l(funder.o)
    0x0800c6b0   0x0800c6b0   0x00000006   Code   RO         4009    i.__set_PRIMASK     fifo.o
    0x0800c6b6   0x0800c6b6   0x00000002   PAD
    0x0800c6b8   0x0800c6b8   0x00000068   Code   RO         1804    i.aRGB_led_show     led.o
    0x0800c720   0x0800c720   0x00000030   Code   RO         4425    i.abs_limit         user_lib.o
    0x0800c750   0x0800c750   0x000001d0   Code   RO        11924    i.accel_comple_filter  AHRS.lib(ahrs.o)
    0x0800c920   0x0800c920   0x0000018c   Code   RO        11925    i.accel_update_kp_ki  AHRS.lib(ahrs.o)
    0x0800caac   0x0800caac   0x0000003c   Code   RO         1868    i.adcx_get_chx_value  user_adc.o
    0x0800cae8   0x0800cae8   0x0000016c   Code   RO        11926    i.angle_to_quat     AHRS.lib(ahrs.o)
    0x0800cc54   0x0800cc54   0x00000044   Code   RO         2774    i.battery_voltage_task  power_task.o
    0x0800cc98   0x0800cc98   0x00000134   Code   RO         4540    i.bmi088_accel_init  bmi088_driver.o
    0x0800cdcc   0x0800cdcc   0x000002fc   Code   RO         4541    i.bmi088_accel_self_test  bmi088_driver.o
    0x0800d0c8   0x0800d0c8   0x000000f4   Code   RO         4542    i.bmi088_gyro_init  bmi088_driver.o
    0x0800d1bc   0x0800d1bc   0x000000d0   Code   RO         4543    i.bmi088_gyro_self_test  bmi088_driver.o
    0x0800d28c   0x0800d28c   0x00000010   Code   RO         1697    i.buzzer_off        buzzer.o
    0x0800d29c   0x0800d29c   0x00000014   Code   RO         1698    i.buzzer_on         buzzer.o
    0x0800d2b0   0x0800d2b0   0x000000e8   Code   RO         2775    i.calc_battery_percentage  power_task.o
    0x0800d398   0x0800d398   0x00000194   Code   RO         3371    i.calc_gimbal_cali  gimbal_task.o
    0x0800d52c   0x0800d52c   0x000000ec   Code   RO         3027    i.cali_data_read    calibrate_task.o
    0x0800d618   0x0800d618   0x0000008c   Code   RO         3028    i.cali_data_write   calibrate_task.o
    0x0800d6a4   0x0800d6a4   0x0000006c   Code   RO         3029    i.cali_gimbal_hook  calibrate_task.o
    0x0800d710   0x0800d710   0x00000064   Code   RO         3030    i.cali_gyro_hook    calibrate_task.o
    0x0800d774   0x0800d774   0x00000046   Code   RO         3031    i.cali_head_hook    calibrate_task.o
    0x0800d7ba   0x0800d7ba   0x00000002   PAD
    0x0800d7bc   0x0800d7bc   0x000000b8   Code   RO         3032    i.cali_param_init   calibrate_task.o
    0x0800d874   0x0800d874   0x00000148   Code   RO         3033    i.calibrate_task    calibrate_task.o
    0x0800d9bc   0x0800d9bc   0x0000005c   Code   RO         2299    i.can_filter_init   user_can.o
    0x0800da18   0x0800da18   0x000000b8   Code   RO         3219    i.chassis_behaviour_control_set  chassis_behaviour.o
    0x0800dad0   0x0800dad0   0x000000a8   Code   RO         3220    i.chassis_behaviour_mode_set  chassis_behaviour.o
    0x0800db78   0x0800db78   0x00000060   Code   RO         3221    i.chassis_engineer_follow_chassis_yaw_control  chassis_behaviour.o
    0x0800dbd8   0x0800dbd8   0x00000098   Code   RO         3222    i.chassis_infantry_follow_gimbal_yaw_control  chassis_behaviour.o
    0x0800dc70   0x0800dc70   0x00000044   Code   RO         3223    i.chassis_no_follow_yaw_control  chassis_behaviour.o
    0x0800dcb4   0x0800dcb4   0x0000002c   Code   RO         3224    i.chassis_no_move_control  chassis_behaviour.o
    0x0800dce0   0x0800dce0   0x0000005c   Code   RO         3225    i.chassis_open_set_control  chassis_behaviour.o
    0x0800dd3c   0x0800dd3c   0x000001e4   Code   RO         3103    i.chassis_power_control  chassis_power_control.o
    0x0800df20   0x0800df20   0x0000015c   Code   RO         3155    i.chassis_rc_to_control_vector  chassis_task.o
    0x0800e07c   0x0800e07c   0x00000034   Code   RO         3226    i.chassis_spin_control  chassis_behaviour.o
    0x0800e0b0   0x0800e0b0   0x000000cc   Code   RO         3156    i.chassis_task      chassis_task.o
    0x0800e17c   0x0800e17c   0x00000054   Code   RO         3157    i.chassis_vector_to_mecanum_wheel_speed  chassis_task.o
    0x0800e1d0   0x0800e1d0   0x0000002c   Code   RO         3228    i.chassis_zero_force_control  chassis_behaviour.o
    0x0800e1fc   0x0800e1fc   0x00000118   Code   RO         3372    i.cmd_cali_gimbal_hook  gimbal_task.o
    0x0800e314   0x0800e314   0x00000030   Code   RO         1830    i.delay_init        delay.o
    0x0800e344   0x0800e344   0x00000050   Code   RO         1832    i.delay_us          delay.o
    0x0800e394   0x0800e394   0x00000124   Code   RO         2722    i.detect_hook       detect_task.o
    0x0800e4b8   0x0800e4b8   0x0000016c   Code   RO         2723    i.detect_init       detect_task.o
    0x0800e624   0x0800e624   0x00000288   Code   RO         2724    i.detect_task       detect_task.o
    0x0800e8ac   0x0800e8ac   0x0000003a   Code   RO         4027    i.fifo_s_get        fifo.o
    0x0800e8e6   0x0800e8e6   0x00000016   Code   RO         4030    i.fifo_s_init       fifo.o
    0x0800e8fc   0x0800e8fc   0x000000a0   Code   RO         4036    i.fifo_s_puts       fifo.o
    0x0800e99c   0x0800e99c   0x00000006   Code   RO         4038    i.fifo_s_used       fifo.o
    0x0800e9a2   0x0800e9a2   0x00000054   Code   RO         4426    i.first_order_filter_cali  user_lib.o
    0x0800e9f6   0x0800e9f6   0x00000002   PAD
    0x0800e9f8   0x0800e9f8   0x00000024   Code   RO         4427    i.first_order_filter_init  user_lib.o
    0x0800ea1c   0x0800ea1c   0x0000002e   Code   RO         2245    i.flash_erase_address  user_flash.o
    0x0800ea4a   0x0800ea4a   0x00000014   Code   RO         2246    i.flash_read        user_flash.o
    0x0800ea5e   0x0800ea5e   0x00000002   PAD
    0x0800ea60   0x0800ea60   0x00000098   Code   RO         2248    i.flash_write_single_address  user_flash.o
    0x0800eaf8   0x0800eaf8   0x0000002a   Code   RO         4428    i.fp32_constrain    user_lib.o
    0x0800eb22   0x0800eb22   0x00000002   PAD
    0x0800eb24   0x0800eb24   0x0000000c   Code   RO         2364    i.fric1_on          user_fric.o
    0x0800eb30   0x0800eb30   0x0000000c   Code   RO         2365    i.fric2_on          user_fric.o
    0x0800eb3c   0x0800eb3c   0x000000f4   Code   RO         2249    i.ger_sector        user_flash.o
    0x0800ec30   0x0800ec30   0x00000034   Code   RO         3952    i.get_CRC16_check_sum  crc8_crc16.o
    0x0800ec64   0x0800ec64   0x00000024   Code   RO         3953    i.get_CRC8_check_sum  crc8_crc16.o
    0x0800ec88   0x0800ec88   0x00000008   Code   RO         2844    i.get_INS_angle_point  ins_task.o
    0x0800ec90   0x0800ec90   0x000000e8   Code   RO        11927    i.get_angle         AHRS.lib(ahrs.o)
    0x0800ed78   0x0800ed78   0x00000048   Code   RO         1869    i.get_battery_voltage  user_adc.o
    0x0800edc0   0x0800edc0   0x00000018   Code   RO         2948    i.get_chassis_motor_measure_point  can_receive.o
    0x0800edd8   0x0800edd8   0x0000001c   Code   RO         3564    i.get_chassis_power_and_buffer  referee.o
    0x0800edf4   0x0800edf4   0x0000000c   Code   RO         3034    i.get_control_temperature  calibrate_task.o
    0x0800ee00   0x0800ee00   0x00000008   Code   RO         2847    i.get_gyro_data_point  ins_task.o
    0x0800ee08   0x0800ee08   0x000000e8   Code   RO         2250    i.get_next_flash_address  user_flash.o
    0x0800eef0   0x0800eef0   0x00000008   Code   RO         2949    i.get_pitch_gimbal_motor_measure_point  can_receive.o
    0x0800eef8   0x0800eef8   0x00000008   Code   RO         3373    i.get_pitch_motor_point  gimbal_task.o
    0x0800ef00   0x0800ef00   0x00000008   Code   RO         1923    i.get_remote_control_point  remote.o
    0x0800ef08   0x0800ef08   0x0000000c   Code   RO         3565    i.get_robot_id      referee.o
    0x0800ef14   0x0800ef14   0x00000018   Code   RO         3566    i.get_shoot_heat0_limit_and_heat0  referee.o
    0x0800ef2c   0x0800ef2c   0x0000005c   Code   RO         1871    i.get_temprate      user_adc.o
    0x0800ef88   0x0800ef88   0x00000008   Code   RO         2950    i.get_trigger_motor_measure_point  can_receive.o
    0x0800ef90   0x0800ef90   0x00000008   Code   RO         2951    i.get_yaw_gimbal_motor_measure_point  can_receive.o
    0x0800ef98   0x0800ef98   0x00000008   Code   RO         3374    i.get_yaw_motor_point  gimbal_task.o
    0x0800efa0   0x0800efa0   0x000000bc   Code   RO         3375    i.gimbal_PID_calc   gimbal_task.o
    0x0800f05c   0x0800f05c   0x00000030   Code   RO         3376    i.gimbal_PID_clear  gimbal_task.o
    0x0800f08c   0x0800f08c   0x00000030   Code   RO         3377    i.gimbal_PID_init   gimbal_task.o
    0x0800f0bc   0x0800f0bc   0x000001fc   Code   RO         3292    i.gimbal_absolute_angle_control  gimbal_behaviour.o
    0x0800f2b8   0x0800f2b8   0x000000fc   Code   RO         3378    i.gimbal_absolute_angle_limit  gimbal_task.o
    0x0800f3b4   0x0800f3b4   0x0000008c   Code   RO         3293    i.gimbal_behaviour_control_set  gimbal_behaviour.o
    0x0800f440   0x0800f440   0x0000008c   Code   RO         3294    i.gimbal_behaviour_mode_set  gimbal_behaviour.o
    0x0800f4cc   0x0800f4cc   0x000001a0   Code   RO         3295    i.gimbal_behavour_set  gimbal_behaviour.o
    0x0800f66c   0x0800f66c   0x000001d0   Code   RO         3296    i.gimbal_cali_control  gimbal_behaviour.o
    0x0800f83c   0x0800f83c   0x0000002c   Code   RO         3297    i.gimbal_cmd_to_chassis_stop  gimbal_behaviour.o
    0x0800f868   0x0800f868   0x00000024   Code   RO         3298    i.gimbal_cmd_to_shoot_stop  gimbal_behaviour.o
    0x0800f88c   0x0800f88c   0x00000070   Code   RO         3379    i.gimbal_control_loop  gimbal_task.o
    0x0800f8fc   0x0800f8fc   0x00000088   Code   RO         3380    i.gimbal_feedback_update  gimbal_task.o
    0x0800f984   0x0800f984   0x00000154   Code   RO         3381    i.gimbal_init       gimbal_task.o
    0x0800fad8   0x0800fad8   0x000000c4   Code   RO         3299    i.gimbal_init_control  gimbal_behaviour.o
    0x0800fb9c   0x0800fb9c   0x000000c0   Code   RO         3382    i.gimbal_mode_change_control_transit  gimbal_task.o
    0x0800fc5c   0x0800fc5c   0x00000020   Code   RO         3300    i.gimbal_motionless_control  gimbal_behaviour.o
    0x0800fc7c   0x0800fc7c   0x0000005c   Code   RO         3383    i.gimbal_motor_absolute_angle_control  gimbal_task.o
    0x0800fcd8   0x0800fcd8   0x00000022   Code   RO         3384    i.gimbal_motor_raw_angle_control  gimbal_task.o
    0x0800fcfa   0x0800fcfa   0x0000005e   Code   RO         3385    i.gimbal_motor_relative_angle_control  gimbal_task.o
    0x0800fd58   0x0800fd58   0x000000d4   Code   RO         3301    i.gimbal_relative_angle_control  gimbal_behaviour.o
    0x0800fe2c   0x0800fe2c   0x0000004e   Code   RO         3386    i.gimbal_relative_angle_limit  gimbal_task.o
    0x0800fe7a   0x0800fe7a   0x00000002   PAD
    0x0800fe7c   0x0800fe7c   0x000000a8   Code   RO         3387    i.gimbal_set_control  gimbal_task.o
    0x0800ff24   0x0800ff24   0x00000012   Code   RO         3388    i.gimbal_set_mode   gimbal_task.o
    0x0800ff36   0x0800ff36   0x00000002   PAD
    0x0800ff38   0x0800ff38   0x000000e0   Code   RO         3389    i.gimbal_task       gimbal_task.o
    0x08010018   0x08010018   0x00000020   Code   RO         3302    i.gimbal_zero_force_control  gimbal_behaviour.o
    0x08010038   0x08010038   0x00000054   Code   RO         2849    i.gyro_offset_calc  ins_task.o
    0x0801008c   0x0801008c   0x0000012c   Code   RO         2850    i.imu_cali_slove    ins_task.o
    0x080101b8   0x080101b8   0x00000168   Code   RO         2851    i.imu_cmd_spi_dma   ins_task.o
    0x08010320   0x08010320   0x0000000c   Code   RO         2401    i.imu_pwm_set       user_imu_pwm.o
    0x0801032c   0x0801032c   0x000000b8   Code   RO         2852    i.imu_temp_control  ins_task.o
    0x080103e4   0x080103e4   0x000000b8   Code   RO         3568    i.init_referee_struct_data  referee.o
    0x0801049c   0x0801049c   0x00000040   Code   RO         1872    i.init_vrefint_reciprocal  user_adc.o
    0x080104dc   0x080104dc   0x00000002   Code   RO         4771    i.ist8310_GPIO_init  ist8310_driver_middleware.o
    0x080104de   0x080104de   0x00000002   PAD
    0x080104e0   0x080104e0   0x00000028   Code   RO         4773    i.ist8310_IIC_read_single_reg  ist8310_driver_middleware.o
    0x08010508   0x08010508   0x00000028   Code   RO         4775    i.ist8310_IIC_write_single_reg  ist8310_driver_middleware.o
    0x08010530   0x08010530   0x00000014   Code   RO         4776    i.ist8310_RST_H     ist8310_driver_middleware.o
    0x08010544   0x08010544   0x00000014   Code   RO         4777    i.ist8310_RST_L     ist8310_driver_middleware.o
    0x08010558   0x08010558   0x00000002   Code   RO         4778    i.ist8310_com_init  ist8310_driver_middleware.o
    0x0801055a   0x0801055a   0x0000000c   Code   RO         4779    i.ist8310_delay_ms  ist8310_driver_middleware.o
    0x08010566   0x08010566   0x00000002   PAD
    0x08010568   0x08010568   0x00000094   Code   RO         4733    i.ist8310_init      ist8310_driver.o
    0x080105fc   0x080105fc   0x00000010   Code   RO         2552    i.laser_off         user_laser.o
    0x0801060c   0x0801060c   0x00000010   Code   RO         2553    i.laser_on          user_laser.o
    0x0801061c   0x0801061c   0x000001b0   Code   RO         2812    i.led_RGB_flow_task  rgb_task.o
    0x080107cc   0x080107cc   0x00000060   Code   RO         4433    i.loop_fp32_constrain  user_lib.o
    0x0801082c   0x0801082c   0x00000084   Code   RO            6    i.main              main.o
    0x080108b0   0x080108b0   0x0000000e   Code   RO        10977    i.makeFreeRtosPriority  cmsis_os.o
    0x080108be   0x080108be   0x00000002   PAD
    0x080108c0   0x080108c0   0x00000034   Code   RO         3390    i.motor_ecd_to_angle_change  gimbal_task.o
    0x080108f4   0x080108f4   0x00000018   Code   RO        10979    i.osDelay           cmsis_os.o
    0x0801090c   0x0801090c   0x0000000a   Code   RO        10982    i.osKernelStart     cmsis_os.o
    0x08010916   0x08010916   0x0000005e   Code   RO        11016    i.osThreadCreate    cmsis_os.o
    0x08010974   0x08010974   0x00000030   Code   RO        10429    i.pcTaskGetName     tasks.o
    0x080109a4   0x080109a4   0x000000a4   Code   RO        10430    i.prvAddCurrentTaskToDelayedList  tasks.o
    0x08010a48   0x08010a48   0x000000b4   Code   RO        10431    i.prvAddNewTaskToReadyList  tasks.o
    0x08010afc   0x08010afc   0x00000074   Code   RO        10806    i.prvCheckForValidListAndQueue  timers.o
    0x08010b70   0x08010b70   0x00000048   Code   RO        10432    i.prvCheckTasksWaitingTermination  tasks.o
    0x08010bb8   0x08010bb8   0x0000002a   Code   RO        10083    i.prvCopyDataFromQueue  queue.o
    0x08010be2   0x08010be2   0x0000007e   Code   RO        10084    i.prvCopyDataToQueue  queue.o
    0x08010c60   0x08010c60   0x00000050   Code   RO        10433    i.prvDeleteTCB      tasks.o
    0x08010cb0   0x08010cb0   0x00000028   Code   RO        10807    i.prvGetNextExpireTime  timers.o
    0x08010cd8   0x08010cd8   0x0000007c   Code   RO        11359    i.prvHeapInit       heap_4.o
    0x08010d54   0x08010d54   0x00000028   Code   RO        10434    i.prvIdleTask       tasks.o
    0x08010d7c   0x08010d7c   0x00000026   Code   RO        10087    i.prvInitialiseNewQueue  queue.o
    0x08010da2   0x08010da2   0x000000c2   Code   RO        10435    i.prvInitialiseNewTask  tasks.o
    0x08010e64   0x08010e64   0x00000068   Code   RO        10436    i.prvInitialiseTaskLists  tasks.o
    0x08010ecc   0x08010ecc   0x00000068   Code   RO        11360    i.prvInsertBlockIntoFreeList  heap_4.o
    0x08010f34   0x08010f34   0x00000058   Code   RO        10809    i.prvInsertTimerInActiveList  timers.o
    0x08010f8c   0x08010f8c   0x0000001a   Code   RO        10088    i.prvIsQueueEmpty   queue.o
    0x08010fa6   0x08010fa6   0x0000001e   Code   RO        10089    i.prvIsQueueFull    queue.o
    0x08010fc4   0x08010fc4   0x00000074   Code   RO        10810    i.prvProcessExpiredTimer  timers.o
    0x08011038   0x08011038   0x00000164   Code   RO        10811    i.prvProcessReceivedCommands  timers.o
    0x0801119c   0x0801119c   0x00000074   Code   RO        10812    i.prvProcessTimerOrBlockTask  timers.o
    0x08011210   0x08011210   0x00000034   Code   RO        10437    i.prvResetNextTaskUnblockTime  tasks.o
    0x08011244   0x08011244   0x0000002c   Code   RO        10813    i.prvSampleTimeNow  timers.o
    0x08011270   0x08011270   0x000000b0   Code   RO        10438    i.prvSearchForNameWithinSingleList  tasks.o
    0x08011320   0x08011320   0x000000a4   Code   RO        10814    i.prvSwitchTimerLists  timers.o
    0x080113c4   0x080113c4   0x00000016   Code   RO        10439    i.prvTaskCheckFreeStackSpace  tasks.o
    0x080113da   0x080113da   0x00000002   PAD
    0x080113dc   0x080113dc   0x00000040   Code   RO        11415    i.prvTaskExitError  port.o
    0x0801141c   0x0801141c   0x0000001a   Code   RO        10815    i.prvTimerTask      timers.o
    0x08011436   0x08011436   0x0000007e   Code   RO        10090    i.prvUnlockQueue    queue.o
    0x080114b4   0x080114b4   0x0000014c   Code   RO        11361    i.pvPortMalloc      heap_4.o
    0x08011600   0x08011600   0x0000002c   Code   RO        11416    i.pxPortInitialiseStack  port.o
    0x0801162c   0x0801162c   0x00000084   Code   RO        11932    i.quat_normalization  AHRS.lib(ahrs.o)
    0x080116b0   0x080116b0   0x0000005a   Code   RO         4434    i.ramp_calc         user_lib.o
    0x0801170a   0x0801170a   0x00000002   PAD
    0x0801170c   0x0801170c   0x0000002c   Code   RO         4435    i.ramp_init         user_lib.o
    0x08011738   0x08011738   0x00000180   Code   RO         3569    i.referee_data_solve  referee.o
    0x080118b8   0x080118b8   0x0000014c   Code   RO         3632    i.referee_unpack_fifo_data  referee_task.o
    0x08011a04   0x08011a04   0x00000038   Code   RO         3633    i.referee_usart_task  referee_task.o
    0x08011a3c   0x08011a3c   0x00000014   Code   RO         1924    i.remote_control_init  remote.o
    0x08011a50   0x08011a50   0x000000da   Code   RO         1925    i.sbus_to_rc        remote.o
    0x08011b2a   0x08011b2a   0x00000002   PAD
    0x08011b2c   0x08011b2c   0x00000058   Code   RO         1926    i.sbus_to_usart1    remote.o
    0x08011b84   0x08011b84   0x0000003c   Code   RO         3671    i.servo_pwm_set     servo_task.o
    0x08011bc0   0x08011bc0   0x000000b0   Code   RO         3672    i.servo_task        servo_task.o
    0x08011c70   0x08011c70   0x00000020   Code   RO         3391    i.set_cali_gimbal_hook  gimbal_task.o
    0x08011c90   0x08011c90   0x000000a0   Code   RO         3505    i.shoot_bullet_control  shoot.o
    0x08011d30   0x08011d30   0x000001b4   Code   RO         3506    i.shoot_control_loop  shoot.o
    0x08011ee4   0x08011ee4   0x00000214   Code   RO         3507    i.shoot_feedback_update  shoot.o
    0x080120f8   0x080120f8   0x000000d4   Code   RO         3508    i.shoot_init        shoot.o
    0x080121cc   0x080121cc   0x0000021c   Code   RO         3509    i.shoot_set_mode    shoot.o
    0x080123e8   0x080123e8   0x0000003e   Code   RO        12323    i.sqrtf             m_wm.l(sqrtf_full.o)
    0x08012426   0x08012426   0x00000010   Code   RO          592    i.test_tack         freertos.o
    0x08012436   0x08012436   0x00000002   PAD
    0x08012438   0x08012438   0x00000018   Code   RO         2726    i.toe_is_error      detect_task.o
    0x08012450   0x08012450   0x000000cc   Code   RO         3510    i.trigger_motor_turn_back  shoot.o
    0x0801251c   0x0801251c   0x00000074   Code   RO        10442    i.ulTaskNotifyTake  tasks.o
    0x08012590   0x08012590   0x0000007a   Code   RO        11933    i.update_w          AHRS.lib(ahrs.o)
    0x0801260a   0x0801260a   0x00000002   PAD
    0x0801260c   0x0801260c   0x000000a8   Code   RO         2202    i.usart1_tx_dma_enable  user_usart.o
    0x080126b4   0x080126b4   0x00000074   Code   RO         2203    i.usart1_tx_dma_init  user_usart.o
    0x08012728   0x08012728   0x00000138   Code   RO         2204    i.usart6_init       user_usart.o
    0x08012860   0x08012860   0x00000028   Code   RO        10043    i.uxListRemove      list.o
    0x08012888   0x08012888   0x00000028   Code   RO        10445    i.uxTaskGetStackHighWaterMark  tasks.o
    0x080128b0   0x080128b0   0x00000018   Code   RO          593    i.vApplicationGetIdleTaskMemory  freertos.o
    0x080128c8   0x080128c8   0x00000018   Code   RO          594    i.vApplicationGetTimerTaskMemory  freertos.o
    0x080128e0   0x080128e0   0x0000001a   Code   RO        10044    i.vListInitialise   list.o
    0x080128fa   0x080128fa   0x00000006   Code   RO        10045    i.vListInitialiseItem  list.o
    0x08012900   0x08012900   0x00000034   Code   RO        10046    i.vListInsert       list.o
    0x08012934   0x08012934   0x00000018   Code   RO        10047    i.vListInsertEnd    list.o
    0x0801294c   0x0801294c   0x00000054   Code   RO        11418    i.vPortEnterCritical  port.o
    0x080129a0   0x080129a0   0x0000003c   Code   RO        11419    i.vPortExitCritical  port.o
    0x080129dc   0x080129dc   0x000000a4   Code   RO        11362    i.vPortFree         heap_4.o
    0x08012a80   0x08012a80   0x00000028   Code   RO        11420    i.vPortSetupTimerInterrupt  port.o
    0x08012aa8   0x08012aa8   0x00000078   Code   RO        11421    i.vPortValidateInterruptPriority  port.o
    0x08012b20   0x08012b20   0x0000002c   Code   RO        10094    i.vQueueAddToRegistry  queue.o
    0x08012b4c   0x08012b4c   0x0000004a   Code   RO        10097    i.vQueueWaitForMessageRestricted  queue.o
    0x08012b96   0x08012b96   0x00000002   PAD
    0x08012b98   0x08012b98   0x0000005c   Code   RO        10449    i.vTaskDelay        tasks.o
    0x08012bf4   0x08012bf4   0x00000018   Code   RO        10453    i.vTaskInternalSetTimeOutState  tasks.o
    0x08012c0c   0x08012c0c   0x0000000c   Code   RO        10454    i.vTaskMissedYield  tasks.o
    0x08012c18   0x08012c18   0x000000f0   Code   RO        10455    i.vTaskNotifyGiveFromISR  tasks.o
    0x08012d08   0x08012d08   0x00000038   Code   RO        10456    i.vTaskPlaceOnEventList  tasks.o
    0x08012d40   0x08012d40   0x00000040   Code   RO        10457    i.vTaskPlaceOnEventListRestricted  tasks.o
    0x08012d80   0x08012d80   0x000000b8   Code   RO        10464    i.vTaskStartScheduler  tasks.o
    0x08012e38   0x08012e38   0x00000010   Code   RO        10466    i.vTaskSuspendAll   tasks.o
    0x08012e48   0x08012e48   0x0000008c   Code   RO        10467    i.vTaskSwitchContext  tasks.o
    0x08012ed4   0x08012ed4   0x00000040   Code   RO         3954    i.verify_CRC16_check_sum  crc8_crc16.o
    0x08012f14   0x08012f14   0x0000002e   Code   RO         3955    i.verify_CRC8_check_sum  crc8_crc16.o
    0x08012f42   0x08012f42   0x00000002   PAD
    0x08012f44   0x08012f44   0x00000168   Code   RO        11422    i.xPortStartScheduler  port.o
    0x080130ac   0x080130ac   0x00000034   Code   RO        11423    i.xPortSysTickHandler  port.o
    0x080130e0   0x080130e0   0x000000e0   Code   RO        10101    i.xQueueGenericCreateStatic  queue.o
    0x080131c0   0x080131c0   0x00000098   Code   RO        10102    i.xQueueGenericReset  queue.o
    0x08013258   0x08013258   0x000001a8   Code   RO        10103    i.xQueueGenericSend  queue.o
    0x08013400   0x08013400   0x000000fc   Code   RO        10104    i.xQueueGenericSendFromISR  queue.o
    0x080134fc   0x080134fc   0x00000168   Code   RO        10112    i.xQueueReceive     queue.o
    0x08013664   0x08013664   0x000000a8   Code   RO        10470    i.xTaskCheckForTimeOut  tasks.o
    0x0801370c   0x0801370c   0x00000064   Code   RO        10471    i.xTaskCreate       tasks.o
    0x08013770   0x08013770   0x000000ba   Code   RO        10472    i.xTaskCreateStatic  tasks.o
    0x0801382a   0x0801382a   0x00000002   PAD
    0x0801382c   0x0801382c   0x000000a4   Code   RO        10476    i.xTaskGetHandle    tasks.o
    0x080138d0   0x080138d0   0x00000020   Code   RO        10477    i.xTaskGetSchedulerState  tasks.o
    0x080138f0   0x080138f0   0x0000000c   Code   RO        10478    i.xTaskGetTickCount  tasks.o
    0x080138fc   0x080138fc   0x00000148   Code   RO        10480    i.xTaskIncrementTick  tasks.o
    0x08013a44   0x08013a44   0x000000c8   Code   RO        10483    i.xTaskPriorityDisinherit  tasks.o
    0x08013b0c   0x08013b0c   0x00000098   Code   RO        10485    i.xTaskRemoveFromEventList  tasks.o
    0x08013ba4   0x08013ba4   0x00000104   Code   RO        10486    i.xTaskResumeAll    tasks.o
    0x08013ca8   0x08013ca8   0x00000078   Code   RO        10822    i.xTimerCreateTimerTask  timers.o
    0x08013d20   0x08013d20   0x00000084   Code   RO        10823    i.xTimerGenericCommand  timers.o
    0x08013da4   0x08013da4   0x000002c4   Code   RO        12253    x$fpl$d2f           g_wm.l(d2f_clz.o)
    0x08014068   0x08014068   0x0000024c   Code   RO        12255    x$fpl$dadd          g_wm.l(daddsub_clz.o)
    0x080142b4   0x080142b4   0x00000018   Code   RO        12505    x$fpl$dcmpinf       g_wm.l(dcmpi.o)
    0x080142cc   0x080142cc   0x0000001a   Code   RO        12509    x$fpl$dfltn         g_wm.l(dflt_clz.o)
    0x080142e6   0x080142e6   0x00000002   PAD
    0x080142e8   0x080142e8   0x00000078   Code   RO        12261    x$fpl$dleqf         g_wm.l(dleqf.o)
    0x08014360   0x08014360   0x00000102   Code   RO        12513    x$fpl$dnaninf       g_wm.l(dnaninf.o)
    0x08014462   0x08014462   0x00000070   Code   RO        12621    x$fpl$drenorm       g_wm.l(drenorm_clz.o)
    0x080144d2   0x080144d2   0x0000000c   Code   RO        12515    x$fpl$dretinf       g_wm.l(dretinf.o)
    0x080144de   0x080144de   0x00000062   Code   RO        12263    x$fpl$drleqf        g_wm.l(drleqf.o)
    0x08014540   0x08014540   0x0000029c   Code   RO        12257    x$fpl$dsub          g_wm.l(daddsub_clz.o)
    0x080147dc   0x080147dc   0x0000017a   Code   RO        12517    x$fpl$dunder        g_wm.l(dunder_clz.o)
    0x08014956   0x08014956   0x00000002   PAD
    0x08014958   0x08014958   0x000001ec   Code   RO        12519    x$fpl$exception     g_wm.l(except.o)
    0x08014b44   0x08014b44   0x0000007a   Code   RO        12265    x$fpl$f2d           g_wm.l(f2d.o)
    0x08014bbe   0x08014bbe   0x000000f2   Code   RO        12521    x$fpl$fnaninf       g_wm.l(fnaninf.o)
    0x08014cb0   0x08014cb0   0x0000000a   Code   RO        12623    x$fpl$fpinit        g_wm.l(fpinit.o)
    0x08014cba   0x08014cba   0x0000000a   Code   RO        12523    x$fpl$fretinf       g_wm.l(fretinf.o)
    0x08014cc4   0x08014cc4   0x0000013c   Code   RO        12525    x$fpl$funder        g_wm.l(funder_clz.o)
    0x08014e00   0x08014e00   0x000000b2   Code   RO        12625    x$fpl$retnan        g_wm.l(retnan.o)
    0x08014eb2   0x08014eb2   0x0000007e   Code   RO        12535    x$fpl$trapveneer    g_wm.l(trapv.o)
    0x08014f30   0x08014f30   0x00000000   Code   RO        12537    x$fpl$usenofp       g_wm.l(usenofp.o)
    0x08014f30   0x08014f30   0x00000118   Data   RO          596    .constdata          freertos.o
    0x08015048   0x08015048   0x00000054   Data   RO         2728    .constdata          detect_task.o
    0x0801509c   0x0801509c   0x00000018   Data   RO         2854    .constdata          ins_task.o
    0x080150b4   0x080150b4   0x0000000f   Data   RO         3037    .constdata          calibrate_task.o
    0x080150c3   0x080150c3   0x00000001   PAD
    0x080150c4   0x080150c4   0x00000020   Data   RO         3159    .constdata          chassis_task.o
    0x080150e4   0x080150e4   0x00000018   Data   RO         3393    .constdata          gimbal_task.o
    0x080150fc   0x080150fc   0x00000018   Data   RO         3512    .constdata          shoot.o
    0x08015114   0x08015114   0x00000008   Data   RO         3673    .constdata          servo_task.o
    0x0801511c   0x0801511c   0x00000302   Data   RO         3956    .constdata          crc8_crc16.o
    0x0801541e   0x0801541e   0x00000012   Data   RO         4548    .constdata          bmi088_driver.o
    0x08015430   0x08015430   0x0000000c   Data   RO         4736    .constdata          ist8310_driver.o
    0x0801543c   0x0801543c   0x00000008   Data   RO         5972    .constdata          stm32f4xx_hal_dma.o
    0x08015444   0x08015444   0x00000018   Data   RO         9876    .constdata          system_stm32f4xx.o
    0x0801545c   0x0801545c   0x0000000c   Data   RO        11934    .constdata          AHRS.lib(ahrs.o)
    0x08015468   0x08015468   0x00000804   Data   RO        12144    .constdata          arm_cortexM4lf_math.lib(arm_common_tables.o)
    0x08015c6c   0x08015c6c   0x00000059   Data   RO          597    .conststring        freertos.o
    0x08015cc5   0x08015cc5   0x00000003   PAD
    0x08015cc8   0x08015cc8   0x00000020   Data   RO        12762    Region$$Table       anon$$obj.o


    Execution Region RW_IRAM2 (Exec base: 0x10000000, Load base: 0x08015e44, Size: 0x00000000, Max: 0x00010000, ABSOLUTE)

    **** No section assigned to this execution region ****


    Execution Region RW_IRAM1 (Exec base: 0x20000000, Load base: 0x08015ce8, Size: 0x0000aa78, Max: 0x00020000, ABSOLUTE, COMPRESSED[0x0000015c])

    Exec Addr    Load Addr    Size         Type   Attr      Idx    E Section Name        Object

    0x20000000   COMPRESSED   0x00000034   Data   RW          598    .data               freertos.o
    0x20000034   COMPRESSED   0x00000004   Data   RW          700    .data               can.o
    0x20000038   COMPRESSED   0x00000008   Data   RW          747    .data               crc.o
    0x20000040   COMPRESSED   0x0000004e   Data   RW         1409    .data               usbd_desc.o
    0x2000008e   COMPRESSED   0x00000002   PAD
    0x20000090   COMPRESSED   0x00000014   Data   RW         1496    .data               usbd_cdc_if.o
    0x200000a4   COMPRESSED   0x00000008   Data   RW         1805    .data               led.o
    0x200000ac   COMPRESSED   0x00000008   Data   RW         1833    .data               delay.o
    0x200000b4   COMPRESSED   0x00000004   Data   RW         1874    .data               user_adc.o
    0x200000b8   COMPRESSED   0x00000003   Data   RW         1930    .data               remote.o
    0x200000bb   COMPRESSED   0x00000001   PAD
    0x200000bc   COMPRESSED   0x00000010   Data   RW         2251    .data               user_flash.o
    0x200000cc   COMPRESSED   0x00000009   Data   RW         2729    .data               detect_task.o
    0x200000d5   COMPRESSED   0x00000003   PAD
    0x200000d8   COMPRESSED   0x00000008   Data   RW         2777    .data               power_task.o
    0x200000e0   COMPRESSED   0x0000001c   Data   RW         2813    .data               rgb_task.o
    0x200000fc   COMPRESSED   0x000000a0   Data   RW         2855    .data               ins_task.o
    0x2000019c   COMPRESSED   0x00000011   Data   RW         2953    .data               can_receive.o
    0x200001ad   COMPRESSED   0x00000003   PAD
    0x200001b0   COMPRESSED   0x00000054   Data   RW         3038    .data               calibrate_task.o
    0x20000204   COMPRESSED   0x00000001   Data   RW         3104    .data               chassis_power_control.o
    0x20000205   COMPRESSED   0x00000003   PAD
    0x20000208   COMPRESSED   0x00000004   Data   RW         3160    .data               chassis_task.o
    0x2000020c   COMPRESSED   0x0000000d   Data   RW         3229    .data               chassis_behaviour.o
    0x20000219   COMPRESSED   0x00000003   PAD
    0x2000021c   COMPRESSED   0x0000001c   Data   RW         3303    .data               gimbal_behaviour.o
    0x20000238   COMPRESSED   0x00000014   Data   RW         3394    .data               gimbal_task.o
    0x2000024c   COMPRESSED   0x00000012   Data   RW         3513    .data               shoot.o
    0x2000025e   COMPRESSED   0x00000026   Data   RW         3571    .data               referee.o
    0x20000284   COMPRESSED   0x00000002   Data   RW         3635    .data               referee_task.o
    0x20000286   COMPRESSED   0x00000002   PAD
    0x20000288   COMPRESSED   0x0000000c   Data   RW         3674    .data               servo_task.o
    0x20000294   COMPRESSED   0x00000002   Data   RW         3957    .data               crc8_crc16.o
    0x20000296   COMPRESSED   0x00000002   PAD
    0x20000298   COMPRESSED   0x0000002c   Data   RW         4549    .data               bmi088_driver.o
    0x200002c4   COMPRESSED   0x00000009   Data   RW         6404    .data               stm32f4xx_hal.o
    0x200002cd   COMPRESSED   0x00000003   PAD
    0x200002d0   COMPRESSED   0x00000004   Data   RW         9877    .data               system_stm32f4xx.o
    0x200002d4   COMPRESSED   0x0000003c   Data   RW        10489    .data               tasks.o
    0x20000310   COMPRESSED   0x00000014   Data   RW        10831    .data               timers.o
    0x20000324   COMPRESSED   0x00000020   Data   RW        11368    .data               heap_4.o
    0x20000344   COMPRESSED   0x0000000c   Data   RW        11424    .data               port.o
    0x20000350   COMPRESSED   0x00000001   Data   RW        11671    .data               usbd_ctlreq.o
    0x20000351   COMPRESSED   0x00000003   PAD
    0x20000354   COMPRESSED   0x0000008a   Data   RW        11834    .data               usbd_cdc.o
    0x200003de   COMPRESSED   0x00000002   PAD
    0x200003e0   COMPRESSED   0x00000010   Data   RW        11935    .data               AHRS.lib(ahrs.o)
    0x200003f0        -       0x000006a8   Zero   RW          595    .bss                freertos.o
    0x20000a98        -       0x00000090   Zero   RW          651    .bss                adc.o
    0x20000b28        -       0x00000050   Zero   RW          699    .bss                can.o
    0x20000b78        -       0x0000015c   Zero   RW          818    .bss                i2c.o
    0x20000cd4        -       0x00000010   Zero   RW          870    .bss                rng.o
    0x20000ce4        -       0x00000020   Zero   RW          912    .bss                rtc.o
    0x20000d04        -       0x00000170   Zero   RW          955    .bss                spi.o
    0x20000e74        -       0x000001b0   Zero   RW         1008    .bss                tim.o
    0x20001024        -       0x0000024c   Zero   RW         1082    .bss                usart.o
    0x20001270        -       0x000002dc   Zero   RW         1132    .bss                usb_device.o
    0x2000154c        -       0x0000072c   Zero   RW         1223    .bss                usbd_conf.o
    0x20001c78        -       0x00000200   Zero   RW         1408    .bss                usbd_desc.o
    0x20001e78        -       0x00001000   Zero   RW         1495    .bss                usbd_cdc_if.o
    0x20002e78        -       0x00000010   Zero   RW         1873    .bss                user_adc.o
    0x20002e88        -       0x00000072   Zero   RW         1929    .bss                remote.o
    0x20002efa        -       0x0000021c   Zero   RW         2727    .bss                detect_task.o
    0x20003116   COMPRESSED   0x00000002   PAD
    0x20003118        -       0x00000134   Zero   RW         2853    .bss                ins_task.o
    0x2000324c        -       0x00000094   Zero   RW         2952    .bss                can_receive.o
    0x200032e0        -       0x00000115   Zero   RW         3036    .bss                calibrate_task.o
    0x200033f5   COMPRESSED   0x00000003   PAD
    0x200033f8        -       0x0000022c   Zero   RW         3158    .bss                chassis_task.o
    0x20003624        -       0x000001e8   Zero   RW         3392    .bss                gimbal_task.o
    0x2000380c        -       0x000000b0   Zero   RW         3511    .bss                shoot.o
    0x200038bc        -       0x00000055   Zero   RW         3570    .bss                referee.o
    0x20003911   COMPRESSED   0x00000003   PAD
    0x20003914        -       0x000008a1   Zero   RW         3634    .bss                referee_task.o
    0x200041b5   COMPRESSED   0x00000003   PAD
    0x200041b8        -       0x00000020   Zero   RW         5626    .bss                stm32f4xx_hal_flash.o
    0x200041d8        -       0x00000040   Zero   RW        10115    .bss                queue.o
    0x20004218        -       0x000000f0   Zero   RW        10488    .bss                tasks.o
    0x20004308        -       0x00000110   Zero   RW        10830    .bss                timers.o
    0x20004418        -       0x00006000   Zero   RW        11367    .bss                heap_4.o
    0x2000a418        -       0x00000060   Zero   RW        12560    .bss                c_w.l(libspace.o)
    0x2000a478        -       0x00000200   Zero   RW         4848    HEAP                startup_stm32f407xx.o
    0x2000a678        -       0x00000400   Zero   RW         4847    STACK               startup_stm32f407xx.o


==============================================================================

Image component sizes


      Code (inc. data)   RO Data    RW Data    ZI Data      Debug   Object Name

       396         42          0          0        144       2314   adc.o
       168          4          0          0          0       5704   ahrs_middleware.o
      2338         40         18         44          0      10451   bmi088_driver.o
       140         28          0          0          0       4728   bmi088_middleware.o
        36         12          0          0          0        969   buzzer.o
      2030        110         15         84        277       7434   calibrate_task.o
       488         44          0          4         80       2382   can.o
       432         62          0         17        148      15775   can_receive.o
       900         56          0         13          0       7262   chassis_behaviour.o
       484         42          0          1          0       2051   chassis_power_control.o
      2490        126         32          4        556       7820   chassis_task.o
       142          0          0          0          0      25299   cmsis_os.o
        84         18          0          8          0       1447   crc.o
       198         16        770          2          0       3737   crc8_crc16.o
         0          0          0          0          0       7400   croutine.o
       128         20          0          8          0       1308   delay.o
      1328         42         84          9        540       3294   detect_task.o
       184          6          0          0          0        826   dma.o
         0          0          0          0          0      22192   event_groups.o
       258          0          0          0          0      10071   fifo.o
       356         64        369         52       1704       4277   freertos.o
      2220        182          0         28          0       9043   gimbal_behaviour.o
      2808        130         24         20        488      15525   gimbal_task.o
       596         26          0          0          0     756727   gpio.o
       724         74          0         32      24576       4875   heap_4.o
       680         78          0          0        348       3052   i2c.o
      2304        304         24        160        308       9608   ins_task.o
       148          6         12          0          0       1431   ist8310_driver.o
       136         22          0          0          0       3919   ist8310_driver_middleware.o
       104         22          0          8          0        576   led.o
       148          0          0          0          0       3574   list.o
       322         10          0          0          0     731980   main.o
       668         12          0          0          0       3482   pid.o
      1014         92          0         12          0      12033   port.o
       300         62          0          8          0       1552   power_task.o
      1918         20          0          0         64      17340   queue.o
       632        160          0         38         85       9035   referee.o
       684         50          0          2       2209       2952   referee_task.o
       654         44          0          3        114     631692   remote.o
       260         28          0          0          0       1971   remote_dma.o
       432         10          0         28          0       1517   rgb_task.o
        84         18          0          0         16       1447   rng.o
       116         22          0          0         32       1495   rtc.o
       236         22          8         12          0       2180   servo_task.o
      2084        156         24         18        176       4734   shoot.o
       604         54          0          0        368       2548   spi.o
        64         26        392          0       1536        812   startup_stm32f407xx.o
       212         36          0          9          0       9377   stm32f4xx_hal.o
      1398         52          0          0          0       5126   stm32f4xx_hal_adc.o
      2134          6          0          0          0      14283   stm32f4xx_hal_can.o
       304         22          0          0          0      34455   stm32f4xx_hal_cortex.o
        32          0          0          0          0       1031   stm32f4xx_hal_crc.o
      1034         16          8          0          0       3880   stm32f4xx_hal_dma.o
       652         64          0          0         32       5966   stm32f4xx_hal_flash.o
       432         26          0          0          0       3246   stm32f4xx_hal_flash_ex.o
       556         50          0          0          0       3414   stm32f4xx_hal_gpio.o
      2856         46          0          0          0      11654   stm32f4xx_hal_i2c.o
        84          6          0          0          0        826   stm32f4xx_hal_msp.o
      3604         16          0          0          0      13796   stm32f4xx_hal_pcd.o
        90          0          0          0          0       2425   stm32f4xx_hal_pcd_ex.o
      1832         88          0          0          0       6140   stm32f4xx_hal_rcc.o
       416         20          0          0          0       1400   stm32f4xx_hal_rcc_ex.o
        52          0          0          0          0       1067   stm32f4xx_hal_rng.o
       342          4          0          0          0       3263   stm32f4xx_hal_rtc.o
      1078         14          0          0          0       4657   stm32f4xx_hal_spi.o
      1966        142          0          0          0      13155   stm32f4xx_hal_tim.o
       296         30          0          0          0       2152   stm32f4xx_hal_tim_ex.o
       670         10          0          0          0       1852   stm32f4xx_hal_uart.o
       190         36          0          0          0       8319   stm32f4xx_it.o
      4246         98          0          0          0      23619   stm32f4xx_ll_usb.o
        20          6         24          4          0       1103   system_stm32f4xx.o
      3718        420          0         60        240      48129   tasks.o
      2124        162          0          0        432       6755   tim.o
      1318        124          0         20        272      33059   timers.o
       920         90          0          0        588       3428   usart.o
        76         16          0          0        732       8335   usb_device.o
      1690         48          0        138          0      13447   usbd_cdc.o
       148         16          0         20       4096       3346   usbd_cdc_if.o
      1004         24          0          0       1836      16792   usbd_conf.o
      1346          0          0          0          0      16509   usbd_core.o
      2342         30          0          1          0      17808   usbd_ctlreq.o
       386        122          0         78        512       6601   usbd_desc.o
       174          0          0          0          0       4704   usbd_ioreq.o
       288         44          0          4         16       3064   user_adc.o
        92          8          0          0          0        582   user_can.o
       694        108          0         16          0       3977   user_flash.o
        24          8          0          0          0        974   user_fric.o
       124         14          0          0          0        514   user_i2c.o
        12          4          0          0          0        494   user_imu_pwm.o
        32         10          0          0          0        907   user_laser.o
       440          8          0          0          0       5419   user_lib.o
       712         40          0          0          0       1438   user_spi.o
       596         50          0          0          0       2303   user_usart.o

    ----------------------------------------------------------------------
     75366       4496       1840        992      42536    2756632   Object Totals
         0          0         32          0          0          0   (incl. Generated)
        90          0          4         27         11          0   (incl. Padding)

    ----------------------------------------------------------------------

      Code (inc. data)   RO Data    RW Data    ZI Data      Debug   Library Member Name

      2718         84         12         16          0       9922   ahrs.o
         0          0       2052          0          0       4636   arm_common_tables.o
       120         12          0          0          0      16970   arm_cos_f32.o
       116         12          0          0          0        658   arm_sin_f32.o
        90          0          0          0          0          0   __dczerorl2.o
         8          0          0          0          0         68   __main.o
         0          0          0          0          0          0   __rtentry.o
        12          0          0          0          0          0   __rtentry2.o
         6          0          0          0          0          0   __rtentry4.o
        52          8          0          0          0          0   __scatter.o
        28          0          0          0          0          0   __scatter_zi.o
        48          4          0          0          0         84   _fptrap.o
        22          0          0          0          0        100   _rserrno.o
        16          0          0          0          0         68   aeabi_memset.o
        10          0          0          0          0         68   defsig_exit.o
       172        110          0          0          0         76   defsig_fpe_inner.o
        14          0          0          0          0         80   defsig_fpe_outer.o
        50          0          0          0          0         88   defsig_general.o
        18          0          0          0          0         80   exit.o
         6          0          0          0          0        152   heapauxi.o
         0          0          0          0          0          0   indicate_semi.o
         2          0          0          0          0          0   libinit.o
         6          0          0          0          0          0   libinit2.o
         2          0          0          0          0          0   libshutdown.o
         2          0          0          0          0          0   libshutdown2.o
         8          4          0          0         96         68   libspace.o
       238          0          0          0          0        100   lludivv7m.o
         8          4          0          0          0         68   rt_errno_addr_intlibspace.o
        68          0          0          0          0         68   rt_memclr.o
        78          0          0          0          0         80   rt_memclr_w.o
       138          0          0          0          0         68   rt_memcpy_v6.o
       100          0          0          0          0         80   rt_memcpy_w.o
         2          0          0          0          0          0   rtexit.o
        10          0          0          0          0          0   rtexit2.o
        62          0          0          0          0         76   strlen.o
        12          4          0          0          0         68   sys_exit.o
        74          0          0          0          0         80   sys_stackheap_outer.o
        14          0          0          0          0         76   sys_wrch.o
         2          0          0          0          0         68   use_no_semi.o
       708         16          0          0          0        140   d2f_clz.o
      1256         28          0          0          0        408   daddsub_clz.o
        24          0          0          0          0        116   dcmpi.o
        26          0          0          0          0        116   dflt_clz.o
       120          8          0          0          0        140   dleqf.o
       258          4          0          0          0        156   dnaninf.o
       112          0          0          0          0        160   drenorm_clz.o
        12          0          0          0          0        116   dretinf.o
        98          0          0          0          0        128   drleqf.o
       378          0          0          0          0        168   dunder_clz.o
       492         36          0          0          0        148   except.o
       122          8          0          0          0        132   f2d.o
       242          4          0          0          0        144   fnaninf.o
        10          0          0          0          0        116   fpinit.o
        10          0          0          0          0        116   fretinf.o
       316          0          0          0          0        132   funder_clz.o
       178          0          0          0          0        116   retnan.o
       126          0          0          0          0        148   trapv.o
         0          0          0          0          0          0   usenofp.o
       300         42          0          0          0        176   asinf.o
       684         90          0          0          0        208   atan2f.o
        20          0          0          0          0        124   fabs.o
        38          0          0          0          0        116   fpclassifyf.o
        44         12          0          0          0        464   funder.o
       120          0          0          0          0        272   sqrtf_full.o

    ----------------------------------------------------------------------
     10050        490       2064         16         96      38010   Library Totals
        24          0          0          0          0          0   (incl. Padding)

    ----------------------------------------------------------------------

      Code (inc. data)   RO Data    RW Data    ZI Data      Debug   Library Name

      2718         84         12         16          0       9922   AHRS.lib
       236         24       2052          0          0      22264   arm_cortexM4lf_math.lib
      1378        134          0          0         96       1764   c_w.l
      4488        104          0          0          0       2700   g_wm.l
      1206        144          0          0          0       1360   m_wm.l

    ----------------------------------------------------------------------
     10050        490       2064         16         96      38010   Library Totals

    ----------------------------------------------------------------------

==============================================================================


      Code (inc. data)   RO Data    RW Data    ZI Data      Debug   

     85416       4986       3904       1008      42632    2733306   Grand Totals
     85416       4986       3904        348      42632    2733306   ELF Image Totals (compressed)
     85416       4986       3904        348          0          0   ROM Totals

==============================================================================

    Total RO  Size (Code + RO Data)                89320 (  87.23kB)
    Total RW  Size (RW Data + ZI Data)             43640 (  42.62kB)
    Total ROM Size (Code + RO Data + RW Data)      89668 (  87.57kB)

==============================================================================

